Archive member included to satisfy reference by file (symbol)

c:/intelfpga/17.0/nios2eds/bin/gnu/h-x86_64-mingw32/bin/../lib/gcc/nios2-elf/5.3.0/mhw-mulx\libgcc.a(lib2-divmod.o)
                              obj/default/HDMI_Lib/HDMI_TX/it6613_drv.o (__udivsi3)
c:/intelfpga/17.0/nios2eds/bin/gnu/h-x86_64-mingw32/bin/../lib/gcc/nios2-elf/5.3.0/../../../../../H-x86_64-mingw32/nios2-elf/lib/mhw-mulx\libc.a(lib_a-impure.o)
                              obj/default/HDMI_Lib/mcu.o (_impure_ptr)
c:/intelfpga/17.0/nios2eds/bin/gnu/h-x86_64-mingw32/bin/../lib/gcc/nios2-elf/5.3.0/../../../../../H-x86_64-mingw32/nios2-elf/lib/mhw-mulx\libc.a(lib_a-memcpy.o)
                              obj/default/main.o (memcpy)
c:/intelfpga/17.0/nios2eds/bin/gnu/h-x86_64-mingw32/bin/../lib/gcc/nios2-elf/5.3.0/../../../../../H-x86_64-mingw32/nios2-elf/lib/mhw-mulx\libc.a(lib_a-printf.o)
                              obj/default/HDMI_Lib/HDMI_TX/HDMI_TX.o (printf)
c:/intelfpga/17.0/nios2eds/bin/gnu/h-x86_64-mingw32/bin/../lib/gcc/nios2-elf/5.3.0/../../../../../H-x86_64-mingw32/nios2-elf/lib/mhw-mulx\libc.a(lib_a-putchar.o)
                              obj/default/HDMI_Lib/HDMI_TX/it6613_drv.o (putchar)
c:/intelfpga/17.0/nios2eds/bin/gnu/h-x86_64-mingw32/bin/../lib/gcc/nios2-elf/5.3.0/../../../../../H-x86_64-mingw32/nios2-elf/lib/mhw-mulx\libc.a(lib_a-puts.o)
                              obj/default/main.o (puts)
c:/intelfpga/17.0/nios2eds/bin/gnu/h-x86_64-mingw32/bin/../lib/gcc/nios2-elf/5.3.0/../../../../../H-x86_64-mingw32/nios2-elf/lib/mhw-mulx\libc.a(lib_a-sprintf.o)
                              obj/default/terasic_lib/debug.o (sprintf)
c:/intelfpga/17.0/nios2eds/bin/gnu/h-x86_64-mingw32/bin/../lib/gcc/nios2-elf/5.3.0/../../../../../H-x86_64-mingw32/nios2-elf/lib/mhw-mulx\libc.a(lib_a-strlen.o)
                              c:/intelfpga/17.0/nios2eds/bin/gnu/h-x86_64-mingw32/bin/../lib/gcc/nios2-elf/5.3.0/../../../../../H-x86_64-mingw32/nios2-elf/lib/mhw-mulx\libc.a(lib_a-puts.o) (strlen)
c:/intelfpga/17.0/nios2eds/bin/gnu/h-x86_64-mingw32/bin/../lib/gcc/nios2-elf/5.3.0/../../../../../H-x86_64-mingw32/nios2-elf/lib/mhw-mulx\libc.a(lib_a-svfprintf.o)
                              c:/intelfpga/17.0/nios2eds/bin/gnu/h-x86_64-mingw32/bin/../lib/gcc/nios2-elf/5.3.0/../../../../../H-x86_64-mingw32/nios2-elf/lib/mhw-mulx\libc.a(lib_a-sprintf.o) (___svfprintf_internal_r)
c:/intelfpga/17.0/nios2eds/bin/gnu/h-x86_64-mingw32/bin/../lib/gcc/nios2-elf/5.3.0/../../../../../H-x86_64-mingw32/nios2-elf/lib/mhw-mulx\libc.a(lib_a-vfprintf.o)
                              c:/intelfpga/17.0/nios2eds/bin/gnu/h-x86_64-mingw32/bin/../lib/gcc/nios2-elf/5.3.0/../../../../../H-x86_64-mingw32/nios2-elf/lib/mhw-mulx\libc.a(lib_a-printf.o) (___vfprintf_internal_r)
c:/intelfpga/17.0/nios2eds/bin/gnu/h-x86_64-mingw32/bin/../lib/gcc/nios2-elf/5.3.0/../../../../../H-x86_64-mingw32/nios2-elf/lib/mhw-mulx\libc.a(lib_a-vfprintf_1.o)
                              obj/default/HDMI_Lib/mcu.o (vfprintf)
c:/intelfpga/17.0/nios2eds/bin/gnu/h-x86_64-mingw32/bin/../lib/gcc/nios2-elf/5.3.0/../../../../../H-x86_64-mingw32/nios2-elf/lib/mhw-mulx\libc.a(lib_a-vsnprintf.o)
                              obj/default/terasic_lib/debug.o (vsnprintf)
c:/intelfpga/17.0/nios2eds/bin/gnu/h-x86_64-mingw32/bin/../lib/gcc/nios2-elf/5.3.0/../../../../../H-x86_64-mingw32/nios2-elf/lib/mhw-mulx\libc.a(lib_a-wsetup.o)
                              c:/intelfpga/17.0/nios2eds/bin/gnu/h-x86_64-mingw32/bin/../lib/gcc/nios2-elf/5.3.0/../../../../../H-x86_64-mingw32/nios2-elf/lib/mhw-mulx\libc.a(lib_a-vfprintf.o) (__swsetup_r)
c:/intelfpga/17.0/nios2eds/bin/gnu/h-x86_64-mingw32/bin/../lib/gcc/nios2-elf/5.3.0/../../../../../H-x86_64-mingw32/nios2-elf/lib/mhw-mulx\libc.a(lib_a-dtoa.o)
                              c:/intelfpga/17.0/nios2eds/bin/gnu/h-x86_64-mingw32/bin/../lib/gcc/nios2-elf/5.3.0/../../../../../H-x86_64-mingw32/nios2-elf/lib/mhw-mulx\libc.a(lib_a-svfprintf.o) (_dtoa_r)
c:/intelfpga/17.0/nios2eds/bin/gnu/h-x86_64-mingw32/bin/../lib/gcc/nios2-elf/5.3.0/../../../../../H-x86_64-mingw32/nios2-elf/lib/mhw-mulx\libc.a(lib_a-fflush.o)
                              c:/intelfpga/17.0/nios2eds/bin/gnu/h-x86_64-mingw32/bin/../lib/gcc/nios2-elf/5.3.0/../../../../../H-x86_64-mingw32/nios2-elf/lib/mhw-mulx\libc.a(lib_a-vfprintf.o) (_fflush_r)
c:/intelfpga/17.0/nios2eds/bin/gnu/h-x86_64-mingw32/bin/../lib/gcc/nios2-elf/5.3.0/../../../../../H-x86_64-mingw32/nios2-elf/lib/mhw-mulx\libc.a(lib_a-findfp.o)
                              c:/intelfpga/17.0/nios2eds/bin/gnu/h-x86_64-mingw32/bin/../lib/gcc/nios2-elf/5.3.0/../../../../../H-x86_64-mingw32/nios2-elf/lib/mhw-mulx\libc.a(lib_a-puts.o) (__sinit)
c:/intelfpga/17.0/nios2eds/bin/gnu/h-x86_64-mingw32/bin/../lib/gcc/nios2-elf/5.3.0/../../../../../H-x86_64-mingw32/nios2-elf/lib/mhw-mulx\libc.a(lib_a-freer.o)
[...]
Memory Configuration

Name             Origin             Length             Attributes
reset            0x0000000000080000 0x0000000000000020
onchip_mem       0x0000000000080020 0x000000000004fea0
*default*        0x0000000000000000 0xffffffffffffffff

Linker script and memory map

LOAD ../test7_bsp//obj/HAL/src/crt0.o
LOAD obj/default/HDMI_Lib/HDMI_TX/EDID.o
LOAD obj/default/HDMI_Lib/HDMI_TX/HDMI_TX.o
LOAD obj/default/HDMI_Lib/HDMI_TX/dss_sha.o
LOAD obj/default/HDMI_Lib/HDMI_TX/it6613_drv.o
LOAD obj/default/HDMI_Lib/HDMI_TX/it6613_sys.o
LOAD obj/default/HDMI_Lib/mcu.o
LOAD obj/default/main.o
LOAD obj/default/terasic_lib/I2C.o
LOAD obj/default/terasic_lib/debug.o
LOAD c:/intelfpga/17.0/nios2eds/bin/gnu/h-x86_64-mingw32/bin/../lib/gcc/nios2-elf/5.3.0/../../../../../H-x86_64-mingw32/nios2-elf/lib/mhw-mulx\libstdc++.a
LOAD c:/intelfpga/17.0/nios2eds/bin/gnu/h-x86_64-mingw32/bin/../lib/gcc/nios2-elf/5.3.0/../../../../../H-x86_64-mingw32/nios2-elf/lib/mhw-mulx\libm.a
LOAD c:/intelfpga/17.0/nios2eds/bin/gnu/h-x86_64-mingw32/bin/../lib/gcc/nios2-elf/5.3.0/mhw-mulx\libgcc.a
START GROUP
LOAD c:/intelfpga/17.0/nios2eds/bin/gnu/h-x86_64-mingw32/bin/../lib/gcc/nios2-elf/5.3.0/../../../../../H-x86_64-mingw32/nios2-elf/lib/mhw-mulx\libc.a
LOAD c:/intelfpga/17.0/nios2eds/bin/gnu/h-x86_64-mingw32/bin/../lib/gcc/nios2-elf/5.3.0/mhw-mulx\libgcc.a
LOAD ../test7_bsp/\libhal_bsp.a
LOAD c:/intelfpga/17.0/nios2eds/bin/gnu/h-x86_64-mingw32/bin/../lib/gcc/nios2-elf/5.3.0/../../../../../H-x86_64-mingw32/nios2-elf/lib/mhw-mulx\libm.a
END GROUP
LOAD c:/intelfpga/17.0/nios2eds/bin/gnu/h-x86_64-mingw32/bin/../lib/gcc/nios2-elf/5.3.0/mhw-mulx\libgcc.a
                0x0000000000080000                __alt_mem_onchip_mem = 0x80000

.entry          0x0000000000080000       0x20
 *(.entry)
 .entry         0x0000000000080000       0x20 ../test7_bsp//obj/HAL/src/crt0.o
                0x0000000000080000                __reset

.exceptions     0x0000000000080020      0x224
                0x0000000000080020                PROVIDE (__ram_exceptions_start, ABSOLUTE (.))
                0x0000000000080020                . = ALIGN (0x20)
 *(.irq)
 *(.exceptions.entry.label)
 .exceptions.entry.label
                0x0000000000080020        0x0 ../test7_bsp/\libhal_bsp.a(alt_irq_entry.o)
                0x0000000000080020                alt_irq_entry
 .exceptions.entry.label
                0x0000000000080020        0x0 ../test7_bsp/\libhal_bsp.a(alt_exception_entry.o)
                0x0000000000080020                alt_exception
 *(.exceptions.entry.user)
 *(.exceptions.entry.ecc_fatal)
 *(.exceptions.entry)
 .exceptions.entry
                0x0000000000080020       0x54 ../test7_bsp/\libhal_bsp.a(alt_exception_entry.o)
 *(.exceptions.irqtest.user)
 *(.exceptions.irqtest)
 .exceptions.irqtest
                0x0000000000080074       0x10 ../test7_bsp/\libhal_bsp.a(alt_irq_entry.o)
 *(.exceptions.irqhandler.user)
 *(.exceptions.irqhandler)
 .exceptions.irqhandler
                0x0000000000080084        0x4 ../test7_bsp/\libhal_bsp.a(alt_irq_entry.o)
 *(.exceptions.irqreturn.user)
 *(.exceptions.irqreturn)
 .exceptions.irqreturn
                0x0000000000080088        0x4 ../test7_bsp/\libhal_bsp.a(alt_irq_entry.o)
 *(.exceptions.notirq.label)
 .exceptions.notirq.label
                0x000000000008008c        0x0 ../test7_bsp/\libhal_bsp.a(alt_irq_entry.o)
 *(.exceptions.notirq.user)
 *(.exceptions.notirq)
 .exceptions.notirq
                0x000000000008008c        0x8 ../test7_bsp/\libhal_bsp.a(alt_exception_entry.o)
 *(.exceptions.soft.user)
 *(.exceptions.soft)
 *(.exceptions.unknown.user)
 *(.exceptions.unknown)
 .exceptions.unknown
                0x0000000000080094       0x14 ../test7_bsp/\libhal_bsp.a(alt_exception_entry.o)
 *(.exceptions.exit.label)
 .exceptions.exit.label
                0x00000000000800a8        0x0 ../test7_bsp/\libhal_bsp.a(alt_irq_entry.o)
 .exceptions.exit.label
                0x00000000000800a8        0x0 ../test7_bsp/\libhal_bsp.a(alt_exception_entry.o)
 *(.exceptions.exit.user)
 *(.exceptions.exit)
 .exceptions.exit
                0x00000000000800a8       0x54 ../test7_bsp/\libhal_bsp.a(alt_exception_entry.o)
 *(.exceptions)
 .exceptions    0x00000000000800fc       0xd4 ../test7_bsp/\libhal_bsp.a(alt_irq_handler.o)
                0x00000000000800fc                alt_irq_handler
 .exceptions    0x00000000000801d0       0x74 ../test7_bsp/\libhal_bsp.a(alt_instruction_exception_entry.o)
                0x00000000000801d0                alt_instruction_exception_entry
                0x0000000000080244                PROVIDE (__ram_exceptions_end, ABSOLUTE (.))
                0x0000000000080020                PROVIDE (__flash_exceptions_start, LOADADDR (.exceptions))

.text           0x0000000000080244    0x1b5dc
                [!provide]                        PROVIDE (stext, ABSOLUTE (.))
 *(.interp)
 *(.hash)
 *(.dynsym)
 *(.dynstr)
 *(.gnu.version)
 *(.gnu.version_d)
 *(.gnu.version_r)
 *(.rel.init)
 *(.rela.init)
 *(.rel.text .rel.text.* .rel.gnu.linkonce.t.*)
 *(.rela.text .rela.text.* .rela.gnu.linkonce.t.*)
 *(.rel.fini)
 *(.rela.fini)
 *(.rel.rodata .rel.rodata.* .rel.gnu.linkonce.r.*)
 *(.rela.rodata .rela.rodata.* .rela.gnu.linkonce.r.*)
 *(.rel.data .rel.data.* .rel.gnu.linkonce.d.*)
 *(.rela.data .rela.data.* .rela.gnu.linkonce.d.*)
 *(.rel.tdata .rel.tdata.* .rel.gnu.linkonce.td.*)
 *(.rela.tdata .rela.tdata.* .rela.gnu.linkonce.td.*)
 *(.rel.tbss .rel.tbss.* .rel.gnu.linkonce.tb.*)
 *(.rela.tbss .rela.tbss.* .rela.gnu.linkonce.tb.*)
 *(.rel.ctors)
 *(.rela.ctors)
 *(.rel.dtors)
 *(.rela.dtors)
 *(.rel.got)
 *(.rela.got)
 *(.rel.sdata .rel.sdata.* .rel.gnu.linkonce.s.*)
 *(.rela.sdata .rela.sdata.* .rela.gnu.linkonce.s.*)
 *(.rel.sbss .rel.sbss.* .rel.gnu.linkonce.sb.*)
 *(.rela.sbss .rela.sbss.* .rela.gnu.linkonce.sb.*)
 *(.rel.sdata2 .rel.sdata2.* .rel.gnu.linkonce.s2.*)
 *(.rela.sdata2 .rela.sdata2.* .rela.gnu.linkonce.s2.*)
 *(.rel.sbss2 .rel.sbss2.* .rel.gnu.linkonce.sb2.*)
 *(.rela.sbss2 .rela.sbss2.* .rela.gnu.linkonce.sb2.*)
 *(.rel.bss .rel.bss.* .rel.gnu.linkonce.b.*)
 *(.rela.bss .rela.bss.* .rela.gnu.linkonce.b.*)
 *(.rel.plt)
 *(.rela.plt)
 *(.rel.dyn)
 *(.init)
 *(.plt)
 *(.text .stub .text.* .gnu.linkonce.t.*)
 .text          0x0000000000080244       0x3c ../test7_bsp//obj/HAL/src/crt0.o
                0x0000000000080244                _start
 .text          0x0000000000080280      0x8a0 obj/default/HDMI_Lib/HDMI_TX/EDID.o
                0x00000000000802fc                ParseVESAEDID
                0x00000000000803f8                ParseCEAEDID
 .text          0x0000000000080b20      0x910 obj/default/HDMI_Lib/HDMI_TX/HDMI_TX.o
                0x0000000000080b20                HDMITX_ChipVerify
                0x0000000000080c50                HDMITX_Init
                0x0000000000080cb8                HDMITX_HPD
                0x0000000000080ce8                HDMITX_SetAVIInfoFrame
                0x0000000000080e70                HDMITX_ChangeVideoTiming
                0x0000000000080ef0                HDMITX_ChangeVideoTimingAndColor
                0x0000000000080f70                HDMITX_DisableVideoOutput
                0x0000000000080f9c                HDMITX_EnableVideoOutput
                0x0000000000080fc8                HDMITX_SetColorSpace
                0x0000000000081000                HDMITX_IsSinkSupportYUV444
                0x0000000000081080                HDMITX_IsSinkSupportYUV422
                0x0000000000081100                HDMITX_IsSinkSupportColorDepth36
                0x000000000008117c                HDMITX_IsSinkSupportColorDepth30
                0x00000000000811f8                HDMITX_SetOutputColorDepth
                0x0000000000081238                HDMITX_DevLoopProc
 .text          0x0000000000081430        0x0 obj/default/HDMI_Lib/HDMI_TX/dss_sha.o
 .text          0x0000000000081430     0x575c obj/default/HDMI_Lib/HDMI_TX/it6613_drv.o
                0x0000000000081430                HDMITX_InitInstance
                0x0000000000081584                InitIT6613
                0x00000000000816ac                SetupVideoInputSignal
                0x00000000000816e4                EnableVideoOutput
                0x0000000000081878                EnableAudioOutput
                0x0000000000081a4c                GetEDIDData
                0x0000000000081af0                EnableHDCP
                0x0000000000081b44                CheckHDMITX
                0x0000000000081e44                DisableIT6613
                0x0000000000081e8c                DisableVideoOutput
                0x0000000000081ee0                DisableAudioOutput
                0x0000000000081f28                EnableAVIInfoFrame
                0x0000000000081f84                EnableAudioInfoFrame
                0x0000000000081fe0                SetAVMute
                0x000000000008206c                SetOutputColorDepthPhase
                0x0000000000082140                Get6613Reg
                0x0000000000082228                ProgramDEGenModeByID
                0x00000000000824b4                ProgramSyncEmbeddedVideoMode
                0x000000000008573c                SHA_Simple
 .text          0x0000000000086b8c      0xb30 obj/default/HDMI_Lib/HDMI_TX/it6613_sys.o
                0x0000000000086b8c                HDMITX_SetOutput
                0x0000000000086cb8                HDMITX_ChangeDisplayOption
                0x000000000008717c                ConfigAVIInfoFrame
                0x0000000000087364                ConfigAudioInfoFrm
                0x0000000000087428                ParseEDID
 .text          0x00000000000876bc      0x7e4 obj/default/HDMI_Lib/mcu.o
                0x00000000000876bc                OS_DelayMS
                0x00000000000876f8                OS_GetTicks
                0x0000000000087718                OS_TicksPerSecond
                0x0000000000087738                DelayMS
                0x0000000000087778                EnableDebugMessage
                0x00000000000877a4                ErrorF
                0x000000000008780c                OS_PRINTF
                0x00000000000878bc                HDMITX_Reset
                0x0000000000087938                HDMITX_DumpAllReg
                0x00000000000879b4                HDMITX_DumpReg
                0x0000000000087a64                HDMITX_ReadI2C_Byte
                0x0000000000087aa8                HDMITX_WriteI2C_Byte
                0x0000000000087af4                HDMITX_ReadI2C_ByteN
                0x0000000000087ba8                HDMITX_WriteI2C_ByteN
                0x0000000000087c64                I2C_Read_Byte
                0x0000000000087cb8                I2C_Write_Byte
                0x0000000000087d10                I2C_Read_ByteN
                0x0000000000087ddc                I2C_Write_ByteN
 .text          0x0000000000087ea0      0x4d8 obj/default/main.o
                0x0000000000087ea0                FindVIC
                0x0000000000087fd0                SetupTxVIC
                0x0000000000088020                VPG_Config
                0x0000000000088124                SetupColorSpace
                0x0000000000088248                main
 .text          0x0000000000088378      0x77c obj/default/terasic_lib/I2C.o
                0x0000000000088378                I2C_Open
                0x00000000000883d0                I2C_Close
                0x0000000000088418                I2C_Write
                0x00000000000884fc                I2C_Read
                0x0000000000088608                I2C_MultipleRead
                0x0000000000088758                i2c_start
                0x00000000000887e4                i2c_stop
                0x000000000008885c                i2c_write
                0x000000000008898c                i2c_read
 .text          0x0000000000088af4      0x1a0 obj/default/terasic_lib/debug.o
                0x0000000000088af4                debug_output
                0x0000000000088b28                myprintf
                0x0000000000088b94                myprintf_hexarray
                0x0000000000088c10                myprintf_dwordarray
 .text          0x0000000000088c94      0x1b4 c:/intelfpga/17.0/nios2eds/bin/gnu/h-x86_64-mingw32/bin/../lib/gcc/nios2-elf/5.3.0/mhw-mulx\libgcc.a(lib2-divmod.o)
                0x0000000000088c94                __divsi3
                0x0000000000088d18                __modsi3
                0x0000000000088d8c                __udivsi3
                0x0000000000088df0                __umodsi3
 .text          0x0000000000088e48        0x0 c:/intelfpga/17.0/nios2eds/bin/gnu/h-x86_64-mingw32/bin/../lib/gcc/nios2-elf/5.3.0/../../../../../H-x86_64-mingw32/nios2-elf/lib/mhw-mulx\libc.a(lib_a-impure.o)
 .text          0x0000000000088e48        0x0 c:/intelfpga/17.0/nios2eds/bin/gnu/h-x86_64-mingw32/bin/../lib/gcc/nios2-elf/5.3.0/../../../../../H-x86_64-mingw32/nios2-elf/lib/mhw-mulx\libc.a(lib_a-memcpy.o)
 .text.memcpy   0x0000000000088e48      0x148 c:/intelfpga/17.0/nios2eds/bin/gnu/h-x86_64-mingw32/bin/../lib/gcc/nios2-elf/5.3.0/../../../../../H-x86_64-mingw32/nios2-elf/lib/mhw-mulx\libc.a(lib_a-memcpy.o)
                0x0000000000088e48                memcpy
 .text          0x0000000000088f90        0x0 c:/intelfpga/17.0/nios2eds/bin/gnu/h-x86_64-mingw32/bin/../lib/gcc/nios2-elf/5.3.0/../../../../../H-x86_64-mingw32/nios2-elf/lib/mhw-mulx\libc.a(lib_a-printf.o)
 .text._printf_r
                0x0000000000088f90       0x30 c:/intelfpga/17.0/nios2eds/bin/gnu/h-x86_64-mingw32/bin/../lib/gcc/nios2-elf/5.3.0/../../../../../H-x86_64-mingw32/nios2-elf/lib/mhw-mulx\libc.a(lib_a-printf.o)
                0x0000000000088f90                _printf_r
 .text.printf   0x0000000000088fc0       0x3c c:/intelfpga/17.0/nios2eds/bin/gnu/h-x86_64-mingw32/bin/../lib/gcc/nios2-elf/5.3.0/../../../../../H-x86_64-mingw32/nios2-elf/lib/mhw-mulx\libc.a(lib_a-printf.o)
                0x0000000000088fc0                printf
 .text          0x0000000000088ffc        0x0 c:/intelfpga/17.0/nios2eds/bin/gnu/h-x86_64-mingw32/bin/../lib/gcc/nios2-elf/5.3.0/../../../../../H-x86_64-mingw32/nios2-elf/lib/mhw-mulx\libc.a(lib_a-putchar.o)
 .text._putchar_r
                0x0000000000088ffc        0x8 c:/intelfpga/17.0/nios2eds/bin/gnu/h-x86_64-mingw32/bin/../lib/gcc/nios2-elf/5.3.0/../../../../../H-x86_64-mingw32/nios2-elf/lib/mhw-mulx\libc.a(lib_a-putchar.o)
                0x0000000000088ffc                _putchar_r
 .text.putchar  0x0000000000089004       0x18 c:/intelfpga/17.0/nios2eds/bin/gnu/h-x86_64-mingw32/bin/../lib/gcc/nios2-elf/5.3.0/../../../../../H-x86_64-mingw32/nios2-elf/lib/mhw-mulx\libc.a(lib_a-putchar.o)
                0x0000000000089004                putchar
 .text          0x000000000008901c        0x0 c:/intelfpga/17.0/nios2eds/bin/gnu/h-x86_64-mingw32/bin/../lib/gcc/nios2-elf/5.3.0/../../../../../H-x86_64-mingw32/nios2-elf/lib/mhw-mulx\libc.a(lib_a-puts.o)
 .text._puts_r  0x000000000008901c       0xc0 c:/intelfpga/17.0/nios2eds/bin/gnu/h-x86_64-mingw32/bin/../lib/gcc/nios2-elf/5.3.0/../../../../../H-x86_64-mingw32/nios2-elf/lib/mhw-mulx\libc.a(lib_a-puts.o)
                0x000000000008901c                _puts_r
 .text.puts     0x00000000000890dc       0x14 c:/intelfpga/17.0/nios2eds/bin/gnu/h-x86_64-mingw32/bin/../lib/gcc/nios2-elf/5.3.0/../../../../../H-x86_64-mingw32/nios2-elf/lib/mhw-mulx\libc.a(lib_a-puts.o)
                0x00000000000890dc                puts
 .text          0x00000000000890f0        0x0 c:/intelfpga/17.0/nios2eds/bin/gnu/h-x86_64-mingw32/bin/../lib/gcc/nios2-elf/5.3.0/../../../../../H-x86_64-mingw32/nios2-elf/lib/mhw-mulx\libc.a(lib_a-sprintf.o)
 .text._sprintf_r
                0x00000000000890f0       0x58 c:/intelfpga/17.0/nios2eds/bin/gnu/h-x86_64-mingw32/bin/../lib/gcc/nios2-elf/5.3.0/../../../../../H-x86_64-mingw32/nios2-elf/lib/mhw-mulx\libc.a(lib_a-sprintf.o)
                0x00000000000890f0                _sprintf_r
 .text.sprintf  0x0000000000089148       0x6c c:/intelfpga/17.0/nios2eds/bin/gnu/h-x86_64-mingw32/bin/../lib/gcc/nios2-elf/5.3.0/../../../../../H-x86_64-mingw32/nios2-elf/lib/mhw-mulx\libc.a(lib_a-sprintf.o)
                0x0000000000089148                sprintf
 .text          0x00000000000891b4        0x0 c:/intelfpga/17.0/nios2eds/bin/gnu/h-x86_64-mingw32/bin/../lib/gcc/nios2-elf/5.3.0/../../../../../H-x86_64-mingw32/nios2-elf/lib/mhw-mulx\libc.a(lib_a-strlen.o)
 .text.strlen   0x00000000000891b4       0x98 c:/intelfpga/17.0/nios2eds/bin/gnu/h-x86_64-mingw32/bin/../lib/gcc/nios2-elf/5.3.0/../../../../../H-x86_64-mingw32/nios2-elf/lib/mhw-mulx\libc.a(lib_a-strlen.o)
                0x00000000000891b4                strlen
 .text          0x000000000008924c        0x0 c:/intelfpga/17.0/nios2eds/bin/gnu/h-x86_64-mingw32/bin/../lib/gcc/nios2-elf/5.3.0/../../../../../H-x86_64-mingw32/nios2-elf/lib/mhw-mulx\libc.a(lib_a-svfprintf.o)
 .text.___svfprintf_internal_r
                0x000000000008924c     0x21d8 c:/intelfpga/17.0/nios2eds/bin/gnu/h-x86_64-mingw32/bin/../lib/gcc/nios2-elf/5.3.0/../../../../../H-x86_64-mingw32/nios2-elf/lib/mhw-mulx\libc.a(lib_a-svfprintf.o)
                0x000000000008924c                ___svfprintf_internal_r
 .text          0x000000000008b424        0x0 c:/intelfpga/17.0/nios2eds/bin/gnu/h-x86_64-mingw32/bin/../lib/gcc/nios2-elf/5.3.0/../../../../../H-x86_64-mingw32/nios2-elf/lib/mhw-mulx\libc.a(lib_a-vfprintf.o)
 .text.___vfprintf_internal_r
                0x000000000008b424     0x21f8 c:/intelfpga/17.0/nios2eds/bin/gnu/h-x86_64-mingw32/bin/../lib/gcc/nios2-elf/5.3.0/../../../../../H-x86_64-mingw32/nios2-elf/lib/mhw-mulx\libc.a(lib_a-vfprintf.o)
                0x000000000008b424                ___vfprintf_internal_r
 .text.__vfprintf_internal
                0x000000000008d61c       0x1c c:/intelfpga/17.0/nios2eds/bin/gnu/h-x86_64-mingw32/bin/../lib/gcc/nios2-elf/5.3.0/../../../../../H-x86_64-mingw32/nios2-elf/lib/mhw-mulx\libc.a(lib_a-vfprintf.o)
                0x000000000008d61c                __vfprintf_internal
 .text.__sbprintf
                0x000000000008d638       0xbc c:/intelfpga/17.0/nios2eds/bin/gnu/h-x86_64-mingw32/bin/../lib/gcc/nios2-elf/5.3.0/../../../../../H-x86_64-mingw32/nios2-elf/lib/mhw-mulx\libc.a(lib_a-vfprintf.o)
 .text          0x000000000008d6f4        0x0 c:/intelfpga/17.0/nios2eds/bin/gnu/h-x86_64-mingw32/bin/../lib/gcc/nios2-elf/5.3.0/../../../../../H-x86_64-mingw32/nios2-elf/lib/mhw-mulx\libc.a(lib_a-vfprintf_1.o)
 .text.vfprintf
                0x000000000008d6f4        0x4 c:/intelfpga/17.0/nios2eds/bin/gnu/h-x86_64-mingw32/bin/../lib/gcc/nios2-elf/5.3.0/../../../../../H-x86_64-mingw32/nios2-elf/lib/mhw-mulx\libc.a(lib_a-vfprintf_1.o)
                0x000000000008d6f4                vfprintf
 .text          0x000000000008d6f8        0x0 c:/intelfpga/17.0/nios2eds/bin/gnu/h-x86_64-mingw32/bin/../lib/gcc/nios2-elf/5.3.0/../../../../../H-x86_64-mingw32/nios2-elf/lib/mhw-mulx\libc.a(lib_a-vsnprintf.o)
 .text._vsnprintf_r
                0x000000000008d6f8       0xf0 c:/intelfpga/17.0/nios2eds/bin/gnu/h-x86_64-mingw32/bin/../lib/gcc/nios2-elf/5.3.0/../../../../../H-x86_64-mingw32/nios2-elf/lib/mhw-mulx\libc.a(lib_a-vsnprintf.o)
                0x000000000008d6f8                _vsnprintf_r
 .text.vsnprintf
                0x000000000008d7e8       0x34 c:/intelfpga/17.0/nios2eds/bin/gnu/h-x86_64-mingw32/bin/../lib/gcc/nios2-elf/5.3.0/../../../../../H-x86_64-mingw32/nios2-elf/lib/mhw-mulx\libc.a(lib_a-vsnprintf.o)
                0x000000000008d7e8                vsnprintf
 .text          0x000000000008d81c        0x0 c:/intelfpga/17.0/nios2eds/bin/gnu/h-x86_64-mingw32/bin/../lib/gcc/nios2-elf/5.3.0/../../../../../H-x86_64-mingw32/nios2-elf/lib/mhw-mulx\libc.a(lib_a-wsetup.o)
 .text.__swsetup_r
                0x000000000008d81c      0x154 c:/intelfpga/17.0/nios2eds/bin/gnu/h-x86_64-mingw32/bin/../lib/gcc/nios2-elf/5.3.0/../../../../../H-x86_64-mingw32/nios2-elf/lib/mhw-mulx\libc.a(lib_a-wsetup.o)
                0x000000000008d81c                __swsetup_r
 .text          0x000000000008d970        0x0 c:/intelfpga/17.0/nios2eds/bin/gnu/h-x86_64-mingw32/bin/../lib/gcc/nios2-elf/5.3.0/../../../../../H-x86_64-mingw32/nios2-elf/lib/mhw-mulx\libc.a(lib_a-dtoa.o)
 .text.quorem   0x000000000008d970      0x200 c:/intelfpga/17.0/nios2eds/bin/gnu/h-x86_64-mingw32/bin/../lib/gcc/nios2-elf/5.3.0/../../../../../H-x86_64-mingw32/nios2-elf/lib/mhw-mulx\libc.a(lib_a-dtoa.o)
 .text._dtoa_r  0x000000000008db70     0x1688 c:/intelfpga/17.0/nios2eds/bin/gnu/h-x86_64-mingw32/bin/../lib/gcc/nios2-elf/5.3.0/../../../../../H-x86_64-mingw32/nios2-elf/lib/mhw-mulx\libc.a(lib_a-dtoa.o)
                0x000000000008db70                _dtoa_r
 .text          0x000000000008f1f8        0x0 c:/intelfpga/17.0/nios2eds/bin/gnu/h-x86_64-mingw32/bin/../lib/gcc/nios2-elf/5.3.0/../../../../../H-x86_64-mingw32/nios2-elf/lib/mhw-mulx\libc.a(lib_a-fflush.o)
 .text.__sflush_r
                0x000000000008f1f8      0x21c c:/intelfpga/17.0/nios2eds/bin/gnu/h-x86_64-mingw32/bin/../lib/gcc/nios2-elf/5.3.0/../../../../../H-x86_64-mingw32/nios2-elf/lib/mhw-mulx\libc.a(lib_a-fflush.o)
                0x000000000008f1f8                __sflush_r
 .text._fflush_r
                0x000000000008f414       0x5c c:/intelfpga/17.0/nios2eds/bin/gnu/h-x86_64-mingw32/bin/../lib/gcc/nios2-elf/5.3.0/../../../../../H-x86_64-mingw32/nios2-elf/lib/mhw-mulx\libc.a(lib_a-fflush.o)
                0x000000000008f414                _fflush_r
 .text.fflush   0x000000000008f470       0x30 c:/intelfpga/17.0/nios2eds/bin/gnu/h-x86_64-mingw32/bin/../lib/gcc/nios2-elf/5.3.0/../../../../../H-x86_64-mingw32/nios2-elf/lib/mhw-mulx\libc.a(lib_a-fflush.o)
                0x000000000008f470                fflush
 .text          0x000000000008f4a0        0x0 c:/intelfpga/17.0/nios2eds/bin/gnu/h-x86_64-mingw32/bin/../lib/gcc/nios2-elf/5.3.0/../../../../../H-x86_64-mingw32/nios2-elf/lib/mhw-mulx\libc.a(lib_a-findfp.o)
 .text.__fp_unlock
                0x000000000008f4a0        0x8 c:/intelfpga/17.0/nios2eds/bin/gnu/h-x86_64-mingw32/bin/../lib/gcc/nios2-elf/5.3.0/../../../../../H-x86_64-mingw32/nios2-elf/lib/mhw-mulx\libc.a(lib_a-findfp.o)
 .text._cleanup_r
                0x000000000008f4a8        0xc c:/intelfpga/17.0/nios2eds/bin/gnu/h-x86_64-mingw32/bin/../lib/gcc/nios2-elf/5.3.0/../../../../../H-x86_64-mingw32/nios2-elf/lib/mhw-mulx\libc.a(lib_a-findfp.o)
                0x000000000008f4a8                _cleanup_r
 .text.__sinit.part.1
                0x000000000008f4b4      0x19c c:/intelfpga/17.0/nios2eds/bin/gnu/h-x86_64-mingw32/bin/../lib/gcc/nios2-elf/5.3.0/../../../../../H-x86_64-mingw32/nios2-elf/lib/mhw-mulx\libc.a(lib_a-findfp.o)
 .text.__fp_lock
                0x000000000008f650        0x8 c:/intelfpga/17.0/nios2eds/bin/gnu/h-x86_64-mingw32/bin/../lib/gcc/nios2-elf/5.3.0/../../../../../H-x86_64-mingw32/nios2-elf/lib/mhw-mulx\libc.a(lib_a-findfp.o)
 .text.__sfmoreglue
                0x000000000008f658       0x68 c:/intelfpga/17.0/nios2eds/bin/gnu/h-x86_64-mingw32/bin/../lib/gcc/nios2-elf/5.3.0/../../../../../H-x86_64-mingw32/nios2-elf/lib/mhw-mulx\libc.a(lib_a-findfp.o)
                0x000000000008f658                __sfmoreglue
 .text.__sfp    0x000000000008f6c0      0x118 c:/intelfpga/17.0/nios2eds/bin/gnu/h-x86_64-mingw32/bin/../lib/gcc/nios2-elf/5.3.0/../../../../../H-x86_64-mingw32/nios2-elf/lib/mhw-mulx\libc.a(lib_a-findfp.o)
                0x000000000008f6c0                __sfp
 .text._cleanup
                0x000000000008f7d8       0x18 c:/intelfpga/17.0/nios2eds/bin/gnu/h-x86_64-mingw32/bin/../lib/gcc/nios2-elf/5.3.0/../../../../../H-x86_64-mingw32/nios2-elf/lib/mhw-mulx\libc.a(lib_a-findfp.o)
                0x000000000008f7d8                _cleanup
 .text.__sinit  0x000000000008f7f0       0x10 c:/intelfpga/17.0/nios2eds/bin/gnu/h-x86_64-mingw32/bin/../lib/gcc/nios2-elf/5.3.0/../../../../../H-x86_64-mingw32/nios2-elf/lib/mhw-mulx\libc.a(lib_a-findfp.o)
                0x000000000008f7f0                __sinit
 .text.__sfp_lock_acquire
                0x000000000008f800        0x4 c:/intelfpga/17.0/nios2eds/bin/gnu/h-x86_64-mingw32/bin/../lib/gcc/nios2-elf/5.3.0/../../../../../H-x86_64-mingw32/nios2-elf/lib/mhw-mulx\libc.a(lib_a-findfp.o)
                0x000000000008f800                __sfp_lock_acquire
 .text.__sfp_lock_release
                0x000000000008f804        0x4 c:/intelfpga/17.0/nios2eds/bin/gnu/h-x86_64-mingw32/bin/../lib/gcc/nios2-elf/5.3.0/../../../../../H-x86_64-mingw32/nios2-elf/lib/mhw-mulx\libc.a(lib_a-findfp.o)
                0x000000000008f804                __sfp_lock_release
 .text.__sinit_lock_acquire
                0x000000000008f808        0x4 c:/intelfpga/17.0/nios2eds/bin/gnu/h-x86_64-mingw32/bin/../lib/gcc/nios2-elf/5.3.0/../../../../../H-x86_64-mingw32/nios2-elf/lib/mhw-mulx\libc.a(lib_a-findfp.o)
                0x000000000008f808                __sinit_lock_acquire
 .text.__sinit_lock_release
                0x000000000008f80c        0x4 c:/intelfpga/17.0/nios2eds/bin/gnu/h-x86_64-mingw32/bin/../lib/gcc/nios2-elf/5.3.0/../../../../../H-x86_64-mingw32/nios2-elf/lib/mhw-mulx\libc.a(lib_a-findfp.o)
                0x000000000008f80c                __sinit_lock_release
 .text.__fp_lock_all
                0x000000000008f810       0x18 c:/intelfpga/17.0/nios2eds/bin/gnu/h-x86_64-mingw32/bin/../lib/gcc/nios2-elf/5.3.0/../../../../../H-x86_64-mingw32/nios2-elf/lib/mhw-mulx\libc.a(lib_a-findfp.o)
                0x000000000008f810                __fp_lock_all
 .text.__fp_unlock_all
                0x000000000008f828       0x18 c:/intelfpga/17.0/nios2eds/bin/gnu/h-x86_64-mingw32/bin/../lib/gcc/nios2-elf/5.3.0/../../../../../H-x86_64-mingw32/nios2-elf/lib/mhw-mulx\libc.a(lib_a-findfp.o)
                0x000000000008f828                __fp_unlock_all
 .text          0x000000000008f840        0x0 c:/intelfpga/17.0/nios2eds/bin/gnu/h-x86_64-mingw32/bin/../lib/gcc/nios2-elf/5.3.0/../../../../../H-x86_64-mingw32/nios2-elf/lib/mhw-mulx\libc.a(lib_a-freer.o)
 .text._malloc_trim_r
                0x000000000008f840      0x124 c:/intelfpga/17.0/nios2eds/bin/gnu/h-x86_64-mingw32/bin/../lib/gcc/nios2-elf/5.3.0/../../../../../H-x86_64-mingw32/nios2-elf/lib/mhw-mulx\libc.a(lib_a-freer.o)
                0x000000000008f840                _malloc_trim_r
 .text._free_r  0x000000000008f964      0x310 c:/intelfpga/17.0/nios2eds/bin/gnu/h-x86_64-mingw32/bin/../lib/gcc/nios2-elf/5.3.0/../../../../../H-x86_64-mingw32/nios2-elf/lib/mhw-mulx\libc.a(lib_a-freer.o)
                0x000000000008f964                _free_r
 .text          0x000000000008fc74        0x0 c:/intelfpga/17.0/nios2eds/bin/gnu/h-x86_64-mingw32/bin/../lib/gcc/nios2-elf/5.3.0/../../../../../H-x86_64-mingw32/nios2-elf/lib/mhw-mulx\libc.a(lib_a-fvwrite.o)
 .text.__sfvwrite_r
                0x000000000008fc74      0x4bc c:/intelfpga/17.0/nios2eds/bin/gnu/h-x86_64-mingw32/bin/../lib/gcc/nios2-elf/5.3.0/../../../../../H-x86_64-mingw32/nios2-elf/lib/mhw-mulx\libc.a(lib_a-fvwrite.o)
                0x000000000008fc74                __sfvwrite_r
 .text          0x0000000000090130        0x0 c:/intelfpga/17.0/nios2eds/bin/gnu/h-x86_64-mingw32/bin/../lib/gcc/nios2-elf/5.3.0/../../../../../H-x86_64-mingw32/nios2-elf/lib/mhw-mulx\libc.a(lib_a-fwalk.o)
 .text._fwalk   0x0000000000090130       0xc4 c:/intelfpga/17.0/nios2eds/bin/gnu/h-x86_64-mingw32/bin/../lib/gcc/nios2-elf/5.3.0/../../../../../H-x86_64-mingw32/nios2-elf/lib/mhw-mulx\libc.a(lib_a-fwalk.o)
                0x0000000000090130                _fwalk
 .text._fwalk_reent
                0x00000000000901f4       0xc4 c:/intelfpga/17.0/nios2eds/bin/gnu/h-x86_64-mingw32/bin/../lib/gcc/nios2-elf/5.3.0/../../../../../H-x86_64-mingw32/nios2-elf/lib/mhw-mulx\libc.a(lib_a-fwalk.o)
                0x00000000000901f4                _fwalk_reent
 .text          0x00000000000902b8        0x0 c:/intelfpga/17.0/nios2eds/bin/gnu/h-x86_64-mingw32/bin/../lib/gcc/nios2-elf/5.3.0/../../../../../H-x86_64-mingw32/nios2-elf/lib/mhw-mulx\libc.a(lib_a-locale.o)
 .text._setlocale_r
                0x00000000000902b8       0x7c c:/intelfpga/17.0/nios2eds/bin/gnu/h-x86_64-mingw32/bin/../lib/gcc/nios2-elf/5.3.0/../../../../../H-x86_64-mingw32/nios2-elf/lib/mhw-mulx\libc.a(lib_a-locale.o)
                0x00000000000902b8                _setlocale_r
 .text.__locale_charset
                0x0000000000090334        0xc c:/intelfpga/17.0/nios2eds/bin/gnu/h-x86_64-mingw32/bin/../lib/gcc/nios2-elf/5.3.0/../../../../../H-x86_64-mingw32/nios2-elf/lib/mhw-mulx\libc.a(lib_a-locale.o)
                0x0000000000090334                __locale_charset
 .text.__locale_mb_cur_max
                0x0000000000090340       0x10 c:/intelfpga/17.0/nios2eds/bin/gnu/h-x86_64-mingw32/bin/../lib/gcc/nios2-elf/5.3.0/../../../../../H-x86_64-mingw32/nios2-elf/lib/mhw-mulx\libc.a(lib_a-locale.o)
                0x0000000000090340                __locale_mb_cur_max
 .text.__locale_msgcharset
                0x0000000000090350        0xc c:/intelfpga/17.0/nios2eds/bin/gnu/h-x86_64-mingw32/bin/../lib/gcc/nios2-elf/5.3.0/../../../../../H-x86_64-mingw32/nios2-elf/lib/mhw-mulx\libc.a(lib_a-locale.o)
                0x0000000000090350                __locale_msgcharset
 .text.__locale_cjk_lang
                0x000000000009035c        0x8 c:/intelfpga/17.0/nios2eds/bin/gnu/h-x86_64-mingw32/bin/../lib/gcc/nios2-elf/5.3.0/../../../../../H-x86_64-mingw32/nios2-elf/lib/mhw-mulx\libc.a(lib_a-locale.o)
                0x000000000009035c                __locale_cjk_lang
 .text._localeconv_r
                0x0000000000090364        0xc c:/intelfpga/17.0/nios2eds/bin/gnu/h-x86_64-mingw32/bin/../lib/gcc/nios2-elf/5.3.0/../../../../../H-x86_64-mingw32/nios2-elf/lib/mhw-mulx\libc.a(lib_a-locale.o)
                0x0000000000090364                _localeconv_r
 .text.setlocale
                0x0000000000090370       0x18 c:/intelfpga/17.0/nios2eds/bin/gnu/h-x86_64-mingw32/bin/../lib/gcc/nios2-elf/5.3.0/../../../../../H-x86_64-mingw32/nios2-elf/lib/mhw-mulx\libc.a(lib_a-locale.o)
                0x0000000000090370                setlocale
 .text.localeconv
                0x0000000000090388        0xc c:/intelfpga/17.0/nios2eds/bin/gnu/h-x86_64-mingw32/bin/../lib/gcc/nios2-elf/5.3.0/../../../../../H-x86_64-mingw32/nios2-elf/lib/mhw-mulx\libc.a(lib_a-locale.o)
                0x0000000000090388                localeconv
 .text          0x0000000000090394        0x0 c:/intelfpga/17.0/nios2eds/bin/gnu/h-x86_64-mingw32/bin/../lib/gcc/nios2-elf/5.3.0/../../../../../H-x86_64-mingw32/nios2-elf/lib/mhw-mulx\libc.a(lib_a-makebuf.o)
 .text.__smakebuf_r
                0x0000000000090394      0x1bc c:/intelfpga/17.0/nios2eds/bin/gnu/h-x86_64-mingw32/bin/../lib/gcc/nios2-elf/5.3.0/../../../../../H-x86_64-mingw32/nios2-elf/lib/mhw-mulx\libc.a(lib_a-makebuf.o)
                0x0000000000090394                __smakebuf_r
 .text          0x0000000000090550        0x0 c:/intelfpga/17.0/nios2eds/bin/gnu/h-x86_64-mingw32/bin/../lib/gcc/nios2-elf/5.3.0/../../../../../H-x86_64-mingw32/nios2-elf/lib/mhw-mulx\libc.a(lib_a-mallocr.o)
 .text._malloc_r
                0x0000000000090550      0x80c c:/intelfpga/17.0/nios2eds/bin/gnu/h-x86_64-mingw32/bin/../lib/gcc/nios2-elf/5.3.0/../../../../../H-x86_64-mingw32/nios2-elf/lib/mhw-mulx\libc.a(lib_a-mallocr.o)
                0x0000000000090550                _malloc_r
 .text          0x0000000000090d5c        0x0 c:/intelfpga/17.0/nios2eds/bin/gnu/h-x86_64-mingw32/bin/../lib/gcc/nios2-elf/5.3.0/../../../../../H-x86_64-mingw32/nios2-elf/lib/mhw-mulx\libc.a(lib_a-memchr.o)
 .text.memchr   0x0000000000090d5c       0xe4 c:/intelfpga/17.0/nios2eds/bin/gnu/h-x86_64-mingw32/bin/../lib/gcc/nios2-elf/5.3.0/../../../../../H-x86_64-mingw32/nios2-elf/lib/mhw-mulx\libc.a(lib_a-memchr.o)
                0x0000000000090d5c                memchr
 .text          0x0000000000090e40        0x0 c:/intelfpga/17.0/nios2eds/bin/gnu/h-x86_64-mingw32/bin/../lib/gcc/nios2-elf/5.3.0/../../../../../H-x86_64-mingw32/nios2-elf/lib/mhw-mulx\libc.a(lib_a-memmove.o)
 .text.memmove  0x0000000000090e40      0x15c c:/intelfpga/17.0/nios2eds/bin/gnu/h-x86_64-mingw32/bin/../lib/gcc/nios2-elf/5.3.0/../../../../../H-x86_64-mingw32/nios2-elf/lib/mhw-mulx\libc.a(lib_a-memmove.o)
                0x0000000000090e40                memmove
 .text          0x0000000000090f9c        0x0 c:/intelfpga/17.0/nios2eds/bin/gnu/h-x86_64-mingw32/bin/../lib/gcc/nios2-elf/5.3.0/../../../../../H-x86_64-mingw32/nios2-elf/lib/mhw-mulx\libc.a(lib_a-memset.o)
 .text.memset   0x0000000000090f9c      0x128 c:/intelfpga/17.0/nios2eds/bin/gnu/h-x86_64-mingw32/bin/../lib/gcc/nios2-elf/5.3.0/../../../../../H-x86_64-mingw32/nios2-elf/lib/mhw-mulx\libc.a(lib_a-memset.o)
                0x0000000000090f9c                memset
 .text          0x00000000000910c4        0x0 c:/intelfpga/17.0/nios2eds/bin/gnu/h-x86_64-mingw32/bin/../lib/gcc/nios2-elf/5.3.0/../../../../../H-x86_64-mingw32/nios2-elf/lib/mhw-mulx\libc.a(lib_a-mprec.o)
 .text._Balloc  0x00000000000910c4       0xa8 c:/intelfpga/17.0/nios2eds/bin/gnu/h-x86_64-mingw32/bin/../lib/gcc/nios2-elf/5.3.0/../../../../../H-x86_64-mingw32/nios2-elf/lib/mhw-mulx\libc.a(lib_a-mprec.o)
                0x00000000000910c4                _Balloc
 .text._Bfree   0x000000000009116c       0x28 c:/intelfpga/17.0/nios2eds/bin/gnu/h-x86_64-mingw32/bin/../lib/gcc/nios2-elf/5.3.0/../../../../../H-x86_64-mingw32/nios2-elf/lib/mhw-mulx\libc.a(lib_a-mprec.o)
                0x000000000009116c                _Bfree
 .text.__multadd
                0x0000000000091194      0x120 c:/intelfpga/17.0/nios2eds/bin/gnu/h-x86_64-mingw32/bin/../lib/gcc/nios2-elf/5.3.0/../../../../../H-x86_64-mingw32/nios2-elf/lib/mhw-mulx\libc.a(lib_a-mprec.o)
                0x0000000000091194                __multadd
 .text.__s2b    0x00000000000912b4      0x104 c:/intelfpga/17.0/nios2eds/bin/gnu/h-x86_64-mingw32/bin/../lib/gcc/nios2-elf/5.3.0/../../../../../H-x86_64-mingw32/nios2-elf/lib/mhw-mulx\libc.a(lib_a-mprec.o)
                0x00000000000912b4                __s2b
 .text.__hi0bits
                0x00000000000913b8       0x68 c:/intelfpga/17.0/nios2eds/bin/gnu/h-x86_64-mingw32/bin/../lib/gcc/nios2-elf/5.3.0/../../../../../H-x86_64-mingw32/nios2-elf/lib/mhw-mulx\libc.a(lib_a-mprec.o)
                0x00000000000913b8                __hi0bits
 .text.__lo0bits
                0x0000000000091420       0xb0 c:/intelfpga/17.0/nios2eds/bin/gnu/h-x86_64-mingw32/bin/../lib/gcc/nios2-elf/5.3.0/../../../../../H-x86_64-mingw32/nios2-elf/lib/mhw-mulx\libc.a(lib_a-mprec.o)
                0x0000000000091420                __lo0bits
 .text.__i2b    0x00000000000914d0       0x3c c:/intelfpga/17.0/nios2eds/bin/gnu/h-x86_64-mingw32/bin/../lib/gcc/nios2-elf/5.3.0/../../../../../H-x86_64-mingw32/nios2-elf/lib/mhw-mulx\libc.a(lib_a-mprec.o)
                0x00000000000914d0                __i2b
 .text.__multiply
                0x000000000009150c      0x1f8 c:/intelfpga/17.0/nios2eds/bin/gnu/h-x86_64-mingw32/bin/../lib/gcc/nios2-elf/5.3.0/../../../../../H-x86_64-mingw32/nios2-elf/lib/mhw-mulx\libc.a(lib_a-mprec.o)
                0x000000000009150c                __multiply
 .text.__pow5mult
                0x0000000000091704      0x140 c:/intelfpga/17.0/nios2eds/bin/gnu/h-x86_64-mingw32/bin/../lib/gcc/nios2-elf/5.3.0/../../../../../H-x86_64-mingw32/nios2-elf/lib/mhw-mulx\libc.a(lib_a-mprec.o)
                0x0000000000091704                __pow5mult
 .text.__lshift
                0x0000000000091844      0x148 c:/intelfpga/17.0/nios2eds/bin/gnu/h-x86_64-mingw32/bin/../lib/gcc/nios2-elf/5.3.0/../../../../../H-x86_64-mingw32/nios2-elf/lib/mhw-mulx\libc.a(lib_a-mprec.o)
                0x0000000000091844                __lshift
 .text.__mcmp   0x000000000009198c       0x60 c:/intelfpga/17.0/nios2eds/bin/gnu/h-x86_64-mingw32/bin/../lib/gcc/nios2-elf/5.3.0/../../../../../H-x86_64-mingw32/nios2-elf/lib/mhw-mulx\libc.a(lib_a-mprec.o)
                0x000000000009198c                __mcmp
 .text.__mdiff  0x00000000000919ec      0x1fc c:/intelfpga/17.0/nios2eds/bin/gnu/h-x86_64-mingw32/bin/../lib/gcc/nios2-elf/5.3.0/../../../../../H-x86_64-mingw32/nios2-elf/lib/mhw-mulx\libc.a(lib_a-mprec.o)
                0x00000000000919ec                __mdiff
 .text.__ulp    0x0000000000091be8       0x64 c:/intelfpga/17.0/nios2eds/bin/gnu/h-x86_64-mingw32/bin/../lib/gcc/nios2-elf/5.3.0/../../../../../H-x86_64-mingw32/nios2-elf/lib/mhw-mulx\libc.a(lib_a-mprec.o)
                0x0000000000091be8                __ulp
 .text.__b2d    0x0000000000091c4c      0x10c c:/intelfpga/17.0/nios2eds/bin/gnu/h-x86_64-mingw32/bin/../lib/gcc/nios2-elf/5.3.0/../../../../../H-x86_64-mingw32/nios2-elf/lib/mhw-mulx\libc.a(lib_a-mprec.o)
                0x0000000000091c4c                __b2d
 .text.__d2b    0x0000000000091d58      0x14c c:/intelfpga/17.0/nios2eds/bin/gnu/h-x86_64-mingw32/bin/../lib/gcc/nios2-elf/5.3.0/../../../../../H-x86_64-mingw32/nios2-elf/lib/mhw-mulx\libc.a(lib_a-mprec.o)
                0x0000000000091d58                __d2b
 .text.__ratio  0x0000000000091ea4       0xa4 c:/intelfpga/17.0/nios2eds/bin/gnu/h-x86_64-mingw32/bin/../lib/gcc/nios2-elf/5.3.0/../../../../../H-x86_64-mingw32/nios2-elf/lib/mhw-mulx\libc.a(lib_a-mprec.o)
                0x0000000000091ea4                __ratio
 .text._mprec_log10
                0x0000000000091f48       0x74 c:/intelfpga/17.0/nios2eds/bin/gnu/h-x86_64-mingw32/bin/../lib/gcc/nios2-elf/5.3.0/../../../../../H-x86_64-mingw32/nios2-elf/lib/mhw-mulx\libc.a(lib_a-mprec.o)
                0x0000000000091f48                _mprec_log10
 .text.__copybits
                0x0000000000091fbc       0x78 c:/intelfpga/17.0/nios2eds/bin/gnu/h-x86_64-mingw32/bin/../lib/gcc/nios2-elf/5.3.0/../../../../../H-x86_64-mingw32/nios2-elf/lib/mhw-mulx\libc.a(lib_a-mprec.o)
                0x0000000000091fbc                __copybits
 .text.__any_on
                0x0000000000092034       0x8c c:/intelfpga/17.0/nios2eds/bin/gnu/h-x86_64-mingw32/bin/../lib/gcc/nios2-elf/5.3.0/../../../../../H-x86_64-mingw32/nios2-elf/lib/mhw-mulx\libc.a(lib_a-mprec.o)
                0x0000000000092034                __any_on
 .text          0x00000000000920c0        0x0 c:/intelfpga/17.0/nios2eds/bin/gnu/h-x86_64-mingw32/bin/../lib/gcc/nios2-elf/5.3.0/../../../../../H-x86_64-mingw32/nios2-elf/lib/mhw-mulx\libc.a(lib_a-putc.o)
 .text._putc_r  0x00000000000920c0       0xa0 c:/intelfpga/17.0/nios2eds/bin/gnu/h-x86_64-mingw32/bin/../lib/gcc/nios2-elf/5.3.0/../../../../../H-x86_64-mingw32/nios2-elf/lib/mhw-mulx\libc.a(lib_a-putc.o)
                0x00000000000920c0                _putc_r
 .text.putc     0x0000000000092160       0xc8 c:/intelfpga/17.0/nios2eds/bin/gnu/h-x86_64-mingw32/bin/../lib/gcc/nios2-elf/5.3.0/../../../../../H-x86_64-mingw32/nios2-elf/lib/mhw-mulx\libc.a(lib_a-putc.o)
                0x0000000000092160                putc
 .text          0x0000000000092228        0x0 c:/intelfpga/17.0/nios2eds/bin/gnu/h-x86_64-mingw32/bin/../lib/gcc/nios2-elf/5.3.0/../../../../../H-x86_64-mingw32/nios2-elf/lib/mhw-mulx\libc.a(lib_a-reallocr.o)
 .text._realloc_r
                0x0000000000092228      0x564 c:/intelfpga/17.0/nios2eds/bin/gnu/h-x86_64-mingw32/bin/../lib/gcc/nios2-elf/5.3.0/../../../../../H-x86_64-mingw32/nios2-elf/lib/mhw-mulx\libc.a(lib_a-reallocr.o)
                0x0000000000092228                _realloc_r
 .text          0x000000000009278c        0x0 c:/intelfpga/17.0/nios2eds/bin/gnu/h-x86_64-mingw32/bin/../lib/gcc/nios2-elf/5.3.0/../../../../../H-x86_64-mingw32/nios2-elf/lib/mhw-mulx\libc.a(lib_a-s_fpclassify.o)
 .text.__fpclassifyd
                0x000000000009278c       0x74 c:/intelfpga/17.0/nios2eds/bin/gnu/h-x86_64-mingw32/bin/../lib/gcc/nios2-elf/5.3.0/../../../../../H-x86_64-mingw32/nios2-elf/lib/mhw-mulx\libc.a(lib_a-s_fpclassify.o)
                0x000000000009278c                __fpclassifyd
 .text          0x0000000000092800        0x0 c:/intelfpga/17.0/nios2eds/bin/gnu/h-x86_64-mingw32/bin/../lib/gcc/nios2-elf/5.3.0/../../../../../H-x86_64-mingw32/nios2-elf/lib/mhw-mulx\libc.a(lib_a-sbrkr.o)
 .text._sbrk_r  0x0000000000092800       0x54 c:/intelfpga/17.0/nios2eds/bin/gnu/h-x86_64-mingw32/bin/../lib/gcc/nios2-elf/5.3.0/../../../../../H-x86_64-mingw32/nios2-elf/lib/mhw-mulx\libc.a(lib_a-sbrkr.o)
                0x0000000000092800                _sbrk_r
 .text          0x0000000000092854        0x0 c:/intelfpga/17.0/nios2eds/bin/gnu/h-x86_64-mingw32/bin/../lib/gcc/nios2-elf/5.3.0/../../../../../H-x86_64-mingw32/nios2-elf/lib/mhw-mulx\libc.a(lib_a-stdio.o)
 .text.__sread  0x0000000000092854       0x54 c:/intelfpga/17.0/nios2eds/bin/gnu/h-x86_64-mingw32/bin/../lib/gcc/nios2-elf/5.3.0/../../../../../H-x86_64-mingw32/nios2-elf/lib/mhw-mulx\libc.a(lib_a-stdio.o)
                0x0000000000092854                __sread
 .text.__seofread
                0x00000000000928a8        0x8 c:/intelfpga/17.0/nios2eds/bin/gnu/h-x86_64-mingw32/bin/../lib/gcc/nios2-elf/5.3.0/../../../../../H-x86_64-mingw32/nios2-elf/lib/mhw-mulx\libc.a(lib_a-stdio.o)
                0x00000000000928a8                __seofread
 .text.__swrite
                0x00000000000928b0       0x7c c:/intelfpga/17.0/nios2eds/bin/gnu/h-x86_64-mingw32/bin/../lib/gcc/nios2-elf/5.3.0/../../../../../H-x86_64-mingw32/nios2-elf/lib/mhw-mulx\libc.a(lib_a-stdio.o)
                0x00000000000928b0                __swrite
 .text.__sseek  0x000000000009292c       0x5c c:/intelfpga/17.0/nios2eds/bin/gnu/h-x86_64-mingw32/bin/../lib/gcc/nios2-elf/5.3.0/../../../../../H-x86_64-mingw32/nios2-elf/lib/mhw-mulx\libc.a(lib_a-stdio.o)
                0x000000000009292c                __sseek
 .text.__sclose
                0x0000000000092988        0x8 c:/intelfpga/17.0/nios2eds/bin/gnu/h-x86_64-mingw32/bin/../lib/gcc/nios2-elf/5.3.0/../../../../../H-x86_64-mingw32/nios2-elf/lib/mhw-mulx\libc.a(lib_a-stdio.o)
                0x0000000000092988                __sclose
 .text          0x0000000000092990        0x0 c:/intelfpga/17.0/nios2eds/bin/gnu/h-x86_64-mingw32/bin/../lib/gcc/nios2-elf/5.3.0/../../../../../H-x86_64-mingw32/nios2-elf/lib/mhw-mulx\libc.a(lib_a-strcmp.o)
 .text.strcmp   0x0000000000092990       0xdc c:/intelfpga/17.0/nios2eds/bin/gnu/h-x86_64-mingw32/bin/../lib/gcc/nios2-elf/5.3.0/../../../../../H-x86_64-mingw32/nios2-elf/lib/mhw-mulx\libc.a(lib_a-strcmp.o)
                0x0000000000092990                strcmp
 .text          0x0000000000092a6c        0x0 c:/intelfpga/17.0/nios2eds/bin/gnu/h-x86_64-mingw32/bin/../lib/gcc/nios2-elf/5.3.0/../../../../../H-x86_64-mingw32/nios2-elf/lib/mhw-mulx\libc.a(lib_a-svfiprintf.o)
 .text.__ssprint_r
                0x0000000000092a6c      0x1d0 c:/intelfpga/17.0/nios2eds/bin/gnu/h-x86_64-mingw32/bin/../lib/gcc/nios2-elf/5.3.0/../../../../../H-x86_64-mingw32/nios2-elf/lib/mhw-mulx\libc.a(lib_a-svfiprintf.o)
                0x0000000000092a6c                __ssprint_r
 .text.___svfiprintf_internal_r
                0x0000000000092c3c     0x123c c:/intelfpga/17.0/nios2eds/bin/gnu/h-x86_64-mingw32/bin/../lib/gcc/nios2-elf/5.3.0/../../../../../H-x86_64-mingw32/nios2-elf/lib/mhw-mulx\libc.a(lib_a-svfiprintf.o)
                0x0000000000092c3c                ___svfiprintf_internal_r
 .text          0x0000000000093e78        0x0 c:/intelfpga/17.0/nios2eds/bin/gnu/h-x86_64-mingw32/bin/../lib/gcc/nios2-elf/5.3.0/../../../../../H-x86_64-mingw32/nios2-elf/lib/mhw-mulx\libc.a(lib_a-vfiprintf.o)
 .text.__sprint_r.part.0
                0x0000000000093e78       0xfc c:/intelfpga/17.0/nios2eds/bin/gnu/h-x86_64-mingw32/bin/../lib/gcc/nios2-elf/5.3.0/../../../../../H-x86_64-mingw32/nios2-elf/lib/mhw-mulx\libc.a(lib_a-vfiprintf.o)
 .text.__sprint_r
                0x0000000000093f74       0x18 c:/intelfpga/17.0/nios2eds/bin/gnu/h-x86_64-mingw32/bin/../lib/gcc/nios2-elf/5.3.0/../../../../../H-x86_64-mingw32/nios2-elf/lib/mhw-mulx\libc.a(lib_a-vfiprintf.o)
                0x0000000000093f74                __sprint_r
 .text.___vfiprintf_internal_r
                0x0000000000093f8c     0x145c c:/intelfpga/17.0/nios2eds/bin/gnu/h-x86_64-mingw32/bin/../lib/gcc/nios2-elf/5.3.0/../../../../../H-x86_64-mingw32/nios2-elf/lib/mhw-mulx\libc.a(lib_a-vfiprintf.o)
                0x0000000000093f8c                ___vfiprintf_internal_r
 .text.__vfiprintf_internal
                0x00000000000953e8       0x1c c:/intelfpga/17.0/nios2eds/bin/gnu/h-x86_64-mingw32/bin/../lib/gcc/nios2-elf/5.3.0/../../../../../H-x86_64-mingw32/nios2-elf/lib/mhw-mulx\libc.a(lib_a-vfiprintf.o)
                0x00000000000953e8                __vfiprintf_internal
 .text.__sbprintf
                0x0000000000095404       0xbc c:/intelfpga/17.0/nios2eds/bin/gnu/h-x86_64-mingw32/bin/../lib/gcc/nios2-elf/5.3.0/../../../../../H-x86_64-mingw32/nios2-elf/lib/mhw-mulx\libc.a(lib_a-vfiprintf.o)
 .text          0x00000000000954c0        0x0 c:/intelfpga/17.0/nios2eds/bin/gnu/h-x86_64-mingw32/bin/../lib/gcc/nios2-elf/5.3.0/../../../../../H-x86_64-mingw32/nios2-elf/lib/mhw-mulx\libc.a(lib_a-wbuf.o)
 .text.__swbuf_r
                0x00000000000954c0      0x140 c:/intelfpga/17.0/nios2eds/bin/gnu/h-x86_64-mingw32/bin/../lib/gcc/nios2-elf/5.3.0/../../../../../H-x86_64-mingw32/nios2-elf/lib/mhw-mulx\libc.a(lib_a-wbuf.o)
                0x00000000000954c0                __swbuf_r
 .text.__swbuf  0x0000000000095600       0x18 c:/intelfpga/17.0/nios2eds/bin/gnu/h-x86_64-mingw32/bin/../lib/gcc/nios2-elf/5.3.0/../../../../../H-x86_64-mingw32/nios2-elf/lib/mhw-mulx\libc.a(lib_a-wbuf.o)
                0x0000000000095600                __swbuf
 .text          0x0000000000095618        0x0 c:/intelfpga/17.0/nios2eds/bin/gnu/h-x86_64-mingw32/bin/../lib/gcc/nios2-elf/5.3.0/../../../../../H-x86_64-mingw32/nios2-elf/lib/mhw-mulx\libc.a(lib_a-writer.o)
 .text._write_r
                0x0000000000095618       0x60 c:/intelfpga/17.0/nios2eds/bin/gnu/h-x86_64-mingw32/bin/../lib/gcc/nios2-elf/5.3.0/../../../../../H-x86_64-mingw32/nios2-elf/lib/mhw-mulx\libc.a(lib_a-writer.o)
                0x0000000000095618                _write_r
 .text          0x0000000000095678        0x0 c:/intelfpga/17.0/nios2eds/bin/gnu/h-x86_64-mingw32/bin/../lib/gcc/nios2-elf/5.3.0/../../../../../H-x86_64-mingw32/nios2-elf/lib/mhw-mulx\libc.a(closer.o)
 .text._close_r
                0x0000000000095678       0x54 c:/intelfpga/17.0/nios2eds/bin/gnu/h-x86_64-mingw32/bin/../lib/gcc/nios2-elf/5.3.0/../../../../../H-x86_64-mingw32/nios2-elf/lib/mhw-mulx\libc.a(closer.o)
                0x0000000000095678                _close_r
 .text          0x00000000000956cc        0x0 c:/intelfpga/17.0/nios2eds/bin/gnu/h-x86_64-mingw32/bin/../lib/gcc/nios2-elf/5.3.0/../../../../../H-x86_64-mingw32/nios2-elf/lib/mhw-mulx\libc.a(lib_a-callocr.o)
 .text._calloc_r
                0x00000000000956cc       0xc4 c:/intelfpga/17.0/nios2eds/bin/gnu/h-x86_64-mingw32/bin/../lib/gcc/nios2-elf/5.3.0/../../../../../H-x86_64-mingw32/nios2-elf/lib/mhw-mulx\libc.a(lib_a-callocr.o)
                0x00000000000956cc                _calloc_r
 .text          0x0000000000095790        0x0 c:/intelfpga/17.0/nios2eds/bin/gnu/h-x86_64-mingw32/bin/../lib/gcc/nios2-elf/5.3.0/../../../../../H-x86_64-mingw32/nios2-elf/lib/mhw-mulx\libc.a(lib_a-fclose.o)
 .text._fclose_r
                0x0000000000095790       0xf0 c:/intelfpga/17.0/nios2eds/bin/gnu/h-x86_64-mingw32/bin/../lib/gcc/nios2-elf/5.3.0/../../../../../H-x86_64-mingw32/nios2-elf/lib/mhw-mulx\libc.a(lib_a-fclose.o)
                0x0000000000095790                _fclose_r
 .text.fclose   0x0000000000095880       0x14 c:/intelfpga/17.0/nios2eds/bin/gnu/h-x86_64-mingw32/bin/../lib/gcc/nios2-elf/5.3.0/../../../../../H-x86_64-mingw32/nios2-elf/lib/mhw-mulx\libc.a(lib_a-fclose.o)
                0x0000000000095880                fclose
 .text          0x0000000000095894        0x0 c:/intelfpga/17.0/nios2eds/bin/gnu/h-x86_64-mingw32/bin/../lib/gcc/nios2-elf/5.3.0/../../../../../H-x86_64-mingw32/nios2-elf/lib/mhw-mulx\libc.a(lib_a-fputwc.o)
 .text.__fputwc
                0x0000000000095894      0x164 c:/intelfpga/17.0/nios2eds/bin/gnu/h-x86_64-mingw32/bin/../lib/gcc/nios2-elf/5.3.0/../../../../../H-x86_64-mingw32/nios2-elf/lib/mhw-mulx\libc.a(lib_a-fputwc.o)
                0x0000000000095894                __fputwc
 .text._fputwc_r
                0x00000000000959f8       0x24 c:/intelfpga/17.0/nios2eds/bin/gnu/h-x86_64-mingw32/bin/../lib/gcc/nios2-elf/5.3.0/../../../../../H-x86_64-mingw32/nios2-elf/lib/mhw-mulx\libc.a(lib_a-fputwc.o)
                0x00000000000959f8                _fputwc_r
 .text.fputwc   0x0000000000095a1c       0x80 c:/intelfpga/17.0/nios2eds/bin/gnu/h-x86_64-mingw32/bin/../lib/gcc/nios2-elf/5.3.0/../../../../../H-x86_64-mingw32/nios2-elf/lib/mhw-mulx\libc.a(lib_a-fputwc.o)
                0x0000000000095a1c                fputwc
 .text          0x0000000000095a9c        0x0 c:/intelfpga/17.0/nios2eds/bin/gnu/h-x86_64-mingw32/bin/../lib/gcc/nios2-elf/5.3.0/../../../../../H-x86_64-mingw32/nios2-elf/lib/mhw-mulx\libc.a(lib_a-fstatr.o)
 .text._fstat_r
                0x0000000000095a9c       0x5c c:/intelfpga/17.0/nios2eds/bin/gnu/h-x86_64-mingw32/bin/../lib/gcc/nios2-elf/5.3.0/../../../../../H-x86_64-mingw32/nios2-elf/lib/mhw-mulx\libc.a(lib_a-fstatr.o)
                0x0000000000095a9c                _fstat_r
 .text          0x0000000000095af8        0x0 c:/intelfpga/17.0/nios2eds/bin/gnu/h-x86_64-mingw32/bin/../lib/gcc/nios2-elf/5.3.0/../../../../../H-x86_64-mingw32/nios2-elf/lib/mhw-mulx\libc.a(lib_a-int_errno.o)
 .text          0x0000000000095af8        0x0 c:/intelfpga/17.0/nios2eds/bin/gnu/h-x86_64-mingw32/bin/../lib/gcc/nios2-elf/5.3.0/../../../../../H-x86_64-mingw32/nios2-elf/lib/mhw-mulx\libc.a(lib_a-isattyr.o)
 .text._isatty_r
                0x0000000000095af8       0x54 c:/intelfpga/17.0/nios2eds/bin/gnu/h-x86_64-mingw32/bin/../lib/gcc/nios2-elf/5.3.0/../../../../../H-x86_64-mingw32/nios2-elf/lib/mhw-mulx\libc.a(lib_a-isattyr.o)
                0x0000000000095af8                _isatty_r
 .text          0x0000000000095b4c        0x0 c:/intelfpga/17.0/nios2eds/bin/gnu/h-x86_64-mingw32/bin/../lib/gcc/nios2-elf/5.3.0/../../../../../H-x86_64-mingw32/nios2-elf/lib/mhw-mulx\libc.a(lib_a-lseekr.o)
 .text._lseek_r
                0x0000000000095b4c       0x60 c:/intelfpga/17.0/nios2eds/bin/gnu/h-x86_64-mingw32/bin/../lib/gcc/nios2-elf/5.3.0/../../../../../H-x86_64-mingw32/nios2-elf/lib/mhw-mulx\libc.a(lib_a-lseekr.o)
                0x0000000000095b4c                _lseek_r
 .text          0x0000000000095bac        0x0 c:/intelfpga/17.0/nios2eds/bin/gnu/h-x86_64-mingw32/bin/../lib/gcc/nios2-elf/5.3.0/../../../../../H-x86_64-mingw32/nios2-elf/lib/mhw-mulx\libc.a(lib_a-readr.o)
 .text._read_r  0x0000000000095bac       0x60 c:/intelfpga/17.0/nios2eds/bin/gnu/h-x86_64-mingw32/bin/../lib/gcc/nios2-elf/5.3.0/../../../../../H-x86_64-mingw32/nios2-elf/lib/mhw-mulx\libc.a(lib_a-readr.o)
                0x0000000000095bac                _read_r
 .text          0x0000000000095c0c        0x0 c:/intelfpga/17.0/nios2eds/bin/gnu/h-x86_64-mingw32/bin/../lib/gcc/nios2-elf/5.3.0/../../../../../H-x86_64-mingw32/nios2-elf/lib/mhw-mulx\libc.a(lib_a-wcrtomb.o)
 .text._wcrtomb_r
                0x0000000000095c0c       0x9c c:/intelfpga/17.0/nios2eds/bin/gnu/h-x86_64-mingw32/bin/../lib/gcc/nios2-elf/5.3.0/../../../../../H-x86_64-mingw32/nios2-elf/lib/mhw-mulx\libc.a(lib_a-wcrtomb.o)
                0x0000000000095c0c                _wcrtomb_r
 .text.wcrtomb  0x0000000000095ca8       0xc0 c:/intelfpga/17.0/nios2eds/bin/gnu/h-x86_64-mingw32/bin/../lib/gcc/nios2-elf/5.3.0/../../../../../H-x86_64-mingw32/nios2-elf/lib/mhw-mulx\libc.a(lib_a-wcrtomb.o)
                0x0000000000095ca8                wcrtomb
 .text          0x0000000000095d68        0x0 c:/intelfpga/17.0/nios2eds/bin/gnu/h-x86_64-mingw32/bin/../lib/gcc/nios2-elf/5.3.0/../../../../../H-x86_64-mingw32/nios2-elf/lib/mhw-mulx\libc.a(lib_a-wctomb_r.o)
 .text.__ascii_wctomb
                0x0000000000095d68       0x30 c:/intelfpga/17.0/nios2eds/bin/gnu/h-x86_64-mingw32/bin/../lib/gcc/nios2-elf/5.3.0/../../../../../H-x86_64-mingw32/nios2-elf/lib/mhw-mulx\libc.a(lib_a-wctomb_r.o)
                0x0000000000095d68                __ascii_wctomb
 .text._wctomb_r
                0x0000000000095d98       0x5c c:/intelfpga/17.0/nios2eds/bin/gnu/h-x86_64-mingw32/bin/../lib/gcc/nios2-elf/5.3.0/../../../../../H-x86_64-mingw32/nios2-elf/lib/mhw-mulx\libc.a(lib_a-wctomb_r.o)
                0x0000000000095d98                _wctomb_r
 .text          0x0000000000095df4      0x578 c:/intelfpga/17.0/nios2eds/bin/gnu/h-x86_64-mingw32/bin/../lib/gcc/nios2-elf/5.3.0/mhw-mulx\libgcc.a(_udivdi3.o)
                0x0000000000095df4                __udivdi3
 .text          0x000000000009636c      0x538 c:/intelfpga/17.0/nios2eds/bin/gnu/h-x86_64-mingw32/bin/../lib/gcc/nios2-elf/5.3.0/mhw-mulx\libgcc.a(_umoddi3.o)
                0x000000000009636c                __umoddi3
 .text          0x00000000000968a4      0x8ac c:/intelfpga/17.0/nios2eds/bin/gnu/h-x86_64-mingw32/bin/../lib/gcc/nios2-elf/5.3.0/mhw-mulx\libgcc.a(adddf3.o)
                0x00000000000968a4                __adddf3
 .text          0x0000000000097150      0x8e8 c:/intelfpga/17.0/nios2eds/bin/gnu/h-x86_64-mingw32/bin/../lib/gcc/nios2-elf/5.3.0/mhw-mulx\libgcc.a(divdf3.o)
                0x0000000000097150                __divdf3
 .text          0x0000000000097a38       0x88 c:/intelfpga/17.0/nios2eds/bin/gnu/h-x86_64-mingw32/bin/../lib/gcc/nios2-elf/5.3.0/mhw-mulx\libgcc.a(eqdf2.o)
                0x0000000000097a38                __nedf2
                0x0000000000097a38                __eqdf2
 .text          0x0000000000097ac0       0xdc c:/intelfpga/17.0/nios2eds/bin/gnu/h-x86_64-mingw32/bin/../lib/gcc/nios2-elf/5.3.0/mhw-mulx\libgcc.a(gedf2.o)
                0x0000000000097ac0                __gedf2
                0x0000000000097ac0                __gtdf2
 .text          0x0000000000097b9c       0xf4 c:/intelfpga/17.0/nios2eds/bin/gnu/h-x86_64-mingw32/bin/../lib/gcc/nios2-elf/5.3.0/mhw-mulx\libgcc.a(ledf2.o)
                0x0000000000097b9c                __ledf2
                0x0000000000097b9c                __ltdf2
 .text          0x0000000000097c90      0x718 c:/intelfpga/17.0/nios2eds/bin/gnu/h-x86_64-mingw32/bin/../lib/gcc/nios2-elf/5.3.0/mhw-mulx\libgcc.a(muldf3.o)
                0x0000000000097c90                __muldf3
 .text          0x00000000000983a8      0x8fc c:/intelfpga/17.0/nios2eds/bin/gnu/h-x86_64-mingw32/bin/../lib/gcc/nios2-elf/5.3.0/mhw-mulx\libgcc.a(subdf3.o)
                0x00000000000983a8                __subdf3
 .text          0x0000000000098ca4       0x80 c:/intelfpga/17.0/nios2eds/bin/gnu/h-x86_64-mingw32/bin/../lib/gcc/nios2-elf/5.3.0/mhw-mulx\libgcc.a(fixdfsi.o)
                0x0000000000098ca4                __fixdfsi
 .text          0x0000000000098d24       0xdc c:/intelfpga/17.0/nios2eds/bin/gnu/h-x86_64-mingw32/bin/../lib/gcc/nios2-elf/5.3.0/mhw-mulx\libgcc.a(floatsidf.o)
                0x0000000000098d24                __floatsidf
 .text          0x0000000000098e00       0xa8 c:/intelfpga/17.0/nios2eds/bin/gnu/h-x86_64-mingw32/bin/../lib/gcc/nios2-elf/5.3.0/mhw-mulx\libgcc.a(floatunsidf.o)
                0x0000000000098e00                __floatunsidf
 .text          0x0000000000098ea8        0x0 c:/intelfpga/17.0/nios2eds/bin/gnu/h-x86_64-mingw32/bin/../lib/gcc/nios2-elf/5.3.0/mhw-mulx\libgcc.a(_clz.o)
 .text          0x0000000000098ea8       0x64 c:/intelfpga/17.0/nios2eds/bin/gnu/h-x86_64-mingw32/bin/../lib/gcc/nios2-elf/5.3.0/mhw-mulx\libgcc.a(_clzsi2.o)
                0x0000000000098ea8                __clzsi2
 .text          0x0000000000098f0c      0x10c ../test7_bsp/\libhal_bsp.a(alt_close.o)
                0x0000000000098f48                close
 .text          0x0000000000099018       0x2c ../test7_bsp/\libhal_bsp.a(alt_dev.o)
 .text          0x0000000000099044        0x0 ../test7_bsp/\libhal_bsp.a(alt_errno.o)
 .text          0x0000000000099044       0xec ../test7_bsp/\libhal_bsp.a(alt_fstat.o)
                0x0000000000099080                fstat
 .text          0x0000000000099130       0xe0 ../test7_bsp/\libhal_bsp.a(alt_isatty.o)
                0x000000000009916c                isatty
 .text          0x0000000000099210       0xec ../test7_bsp/\libhal_bsp.a(alt_load.o)
                0x0000000000099278                alt_load
 .text          0x00000000000992fc      0x110 ../test7_bsp/\libhal_bsp.a(alt_lseek.o)
                0x0000000000099338                lseek
 .text          0x000000000009940c       0x7c ../test7_bsp/\libhal_bsp.a(alt_main.o)
                0x000000000009940c                alt_main
 .text          0x0000000000099488       0x48 ../test7_bsp/\libhal_bsp.a(alt_malloc_lock.o)
                0x0000000000099488                __malloc_lock
                0x00000000000994ac                __malloc_unlock
 .text          0x00000000000994d0      0x138 ../test7_bsp/\libhal_bsp.a(alt_read.o)
                0x000000000009950c                read
 .text          0x0000000000099608       0x64 ../test7_bsp/\libhal_bsp.a(alt_release_fd.o)
                0x0000000000099608                alt_release_fd
 .text          0x000000000009966c       0xb0 ../test7_bsp/\libhal_bsp.a(alt_sbrk.o)
                0x000000000009966c                sbrk
 .text          0x000000000009971c      0x1a4 ../test7_bsp/\libhal_bsp.a(alt_tick.o)
                0x000000000009971c                alt_alarm_stop
                0x00000000000997b8                alt_tick
 .text          0x00000000000998c0       0x30 ../test7_bsp/\libhal_bsp.a(alt_usleep.o)
                0x00000000000998c0                usleep
 .text          0x00000000000998f0      0x134 ../test7_bsp/\libhal_bsp.a(alt_write.o)
                0x000000000009992c                write
 .text          0x0000000000099a24       0xd4 ../test7_bsp/\libhal_bsp.a(alt_sys_init.o)
                0x0000000000099a58                alt_irq_init
                0x0000000000099a90                alt_sys_init
 .text          0x0000000000099af8      0x164 ../test7_bsp/\libhal_bsp.a(altera_avalon_jtag_uart_fd.o)
                0x0000000000099af8                altera_avalon_jtag_uart_read_fd
                0x0000000000099b58                altera_avalon_jtag_uart_write_fd
                0x0000000000099bb8                altera_avalon_jtag_uart_close_fd
                0x0000000000099c08                altera_avalon_jtag_uart_ioctl_fd
 .text          0x0000000000099c5c      0x3d4 ../test7_bsp/\libhal_bsp.a(altera_avalon_jtag_uart_init.o)
                0x0000000000099c5c                altera_avalon_jtag_uart_init
                0x0000000000099fc8                altera_avalon_jtag_uart_close
 .text          0x000000000009a030       0xf0 ../test7_bsp/\libhal_bsp.a(altera_avalon_jtag_uart_ioctl.o)
                0x000000000009a030                altera_avalon_jtag_uart_ioctl
 .text          0x000000000009a120      0x21c ../test7_bsp/\libhal_bsp.a(altera_avalon_jtag_uart_read.o)
                0x000000000009a120                altera_avalon_jtag_uart_read
 .text          0x000000000009a33c      0x224 ../test7_bsp/\libhal_bsp.a(altera_avalon_jtag_uart_write.o)
                0x000000000009a33c                altera_avalon_jtag_uart_write
 .text          0x000000000009a560       0xf4 ../test7_bsp/\libhal_bsp.a(altera_avalon_timer_sc.o)
                0x000000000009a5d8                alt_avalon_timer_sc_init
 .text          0x000000000009a654      0x12c ../test7_bsp/\libhal_bsp.a(alt_alarm_start.o)
                0x000000000009a654                alt_alarm_start
 .text          0x000000000009a780      0x158 ../test7_bsp/\libhal_bsp.a(alt_busy_sleep.o)
                0x000000000009a780                alt_busy_sleep
 .text          0x000000000009a8d8       0x20 ../test7_bsp/\libhal_bsp.a(alt_dcache_flush_all.o)
                0x000000000009a8d8                alt_dcache_flush_all
 .text          0x000000000009a8f8       0xe0 ../test7_bsp/\libhal_bsp.a(alt_dev_llist_insert.o)
                0x000000000009a934                alt_dev_llist_insert
 .text          0x000000000009a9d8       0x60 ../test7_bsp/\libhal_bsp.a(alt_do_ctors.o)
                0x000000000009a9d8                _do_ctors
 .text          0x000000000009aa38       0x60 ../test7_bsp/\libhal_bsp.a(alt_do_dtors.o)
                0x000000000009aa38                _do_dtors
 .text          0x000000000009aa98       0x34 ../test7_bsp/\libhal_bsp.a(alt_icache_flush_all.o)
                0x000000000009aa98                alt_icache_flush_all
 .text          0x000000000009aacc      0x1b0 ../test7_bsp/\libhal_bsp.a(alt_iic.o)
                0x000000000009aacc                alt_ic_isr_register
                0x000000000009ab1c                alt_ic_irq_enable
                0x000000000009aba4                alt_ic_irq_disable
                0x000000000009ac30                alt_ic_irq_enabled
 .text          0x000000000009ac7c       0xf0 ../test7_bsp/\libhal_bsp.a(alt_iic_isr_register.o)
                0x000000000009ac7c                alt_iic_isr_register
 .text          0x000000000009ad6c      0x140 ../test7_bsp/\libhal_bsp.a(alt_io_redirect.o)
                0x000000000009ae30                alt_io_redirect
 .text          0x000000000009aeac        0x0 ../test7_bsp/\libhal_bsp.a(alt_irq_entry.o)
 .text          0x000000000009aeac        0x0 ../test7_bsp/\libhal_bsp.a(alt_irq_handler.o)
 .text          0x000000000009aeac        0x0 ../test7_bsp/\libhal_bsp.a(alt_irq_vars.o)
 .text          0x000000000009aeac      0x254 ../test7_bsp/\libhal_bsp.a(alt_open.o)
                0x000000000009afac                open
 .text          0x000000000009b100       0x24 ../test7_bsp/\libhal_bsp.a(altera_nios2_gen2_irq.o)
                0x000000000009b100                altera_nios2_gen2_irq_init
 .text          0x000000000009b124        0x0 ../test7_bsp/\libhal_bsp.a(alt_exception_entry.o)
 .text          0x000000000009b124       0x90 ../test7_bsp/\libhal_bsp.a(alt_find_dev.o)
                0x000000000009b124                alt_find_dev
 .text          0x000000000009b1b4      0x108 ../test7_bsp/\libhal_bsp.a(alt_find_file.o)
                0x000000000009b1b4                alt_find_file
 .text          0x000000000009b2bc       0xa4 ../test7_bsp/\libhal_bsp.a(alt_get_fd.o)
                0x000000000009b2bc                alt_get_fd
 .text          0x000000000009b360       0x90 ../test7_bsp/\libhal_bsp.a(alt_icache_flush.o)
                0x000000000009b360                alt_icache_flush
 .text          0x000000000009b3f0       0x9c ../test7_bsp/\libhal_bsp.a(alt_instruction_exception_entry.o)
                0x000000000009b3f0                alt_exception_cause_generated_bad_addr
 .text          0x000000000009b48c        0x0 c:/intelfpga/17.0/nios2eds/bin/gnu/h-x86_64-mingw32/bin/../lib/gcc/nios2-elf/5.3.0/../../../../../H-x86_64-mingw32/nios2-elf/lib/mhw-mulx\libc.a(lib_a-atexit.o)
 .text.atexit   0x000000000009b48c       0x14 c:/intelfpga/17.0/nios2eds/bin/gnu/h-x86_64-mingw32/bin/../lib/gcc/nios2-elf/5.3.0/../../../../../H-x86_64-mingw32/nios2-elf/lib/mhw-mulx\libc.a(lib_a-atexit.o)
                0x000000000009b48c                atexit
 .text          0x000000000009b4a0        0x0 c:/intelfpga/17.0/nios2eds/bin/gnu/h-x86_64-mingw32/bin/../lib/gcc/nios2-elf/5.3.0/../../../../../H-x86_64-mingw32/nios2-elf/lib/mhw-mulx\libc.a(lib_a-exit.o)
 .text.exit     0x000000000009b4a0       0x38 c:/intelfpga/17.0/nios2eds/bin/gnu/h-x86_64-mingw32/bin/../lib/gcc/nios2-elf/5.3.0/../../../../../H-x86_64-mingw32/nios2-elf/lib/mhw-mulx\libc.a(lib_a-exit.o)
                0x000000000009b4a0                exit
 .text          0x000000000009b4d8        0x0 c:/intelfpga/17.0/nios2eds/bin/gnu/h-x86_64-mingw32/bin/../lib/gcc/nios2-elf/5.3.0/../../../../../H-x86_64-mingw32/nios2-elf/lib/mhw-mulx\libc.a(lib_a-memcmp.o)
 .text.memcmp   0x000000000009b4d8       0x7c c:/intelfpga/17.0/nios2eds/bin/gnu/h-x86_64-mingw32/bin/../lib/gcc/nios2-elf/5.3.0/../../../../../H-x86_64-mingw32/nios2-elf/lib/mhw-mulx\libc.a(lib_a-memcmp.o)
                0x000000000009b4d8                memcmp
 .text          0x000000000009b554        0x0 c:/intelfpga/17.0/nios2eds/bin/gnu/h-x86_64-mingw32/bin/../lib/gcc/nios2-elf/5.3.0/../../../../../H-x86_64-mingw32/nios2-elf/lib/mhw-mulx\libc.a(lib_a-__atexit.o)
 .text.__register_exitproc
                0x000000000009b554      0x118 c:/intelfpga/17.0/nios2eds/bin/gnu/h-x86_64-mingw32/bin/../lib/gcc/nios2-elf/5.3.0/../../../../../H-x86_64-mingw32/nios2-elf/lib/mhw-mulx\libc.a(lib_a-__atexit.o)
                0x000000000009b554                __register_exitproc
 .text          0x000000000009b66c        0x0 c:/intelfpga/17.0/nios2eds/bin/gnu/h-x86_64-mingw32/bin/../lib/gcc/nios2-elf/5.3.0/../../../../../H-x86_64-mingw32/nios2-elf/lib/mhw-mulx\libc.a(lib_a-__call_atexit.o)
 .text.__call_exitprocs
                0x000000000009b66c      0x180 c:/intelfpga/17.0/nios2eds/bin/gnu/h-x86_64-mingw32/bin/../lib/gcc/nios2-elf/5.3.0/../../../../../H-x86_64-mingw32/nios2-elf/lib/mhw-mulx\libc.a(lib_a-__call_atexit.o)
                0x000000000009b66c                __call_exitprocs
 .text          0x000000000009b7ec       0x34 ../test7_bsp/\libhal_bsp.a(alt_exit.o)
                0x000000000009b7ec                _exit
 *(.gnu.warning.*)
 *(.fini)
                [!provide]                        PROVIDE (__etext, ABSOLUTE (.))
                [!provide]                        PROVIDE (_etext, ABSOLUTE (.))
                [!provide]                        PROVIDE (etext, ABSOLUTE (.))
 *(.eh_frame_hdr)
                0x000000000009b820                . = ALIGN (0x4)
                [!provide]                        PROVIDE (__preinit_array_start, ABSOLUTE (.))
 *(.preinit_array)
                [!provide]                        PROVIDE (__preinit_array_end, ABSOLUTE (.))
                [!provide]                        PROVIDE (__init_array_start, ABSOLUTE (.))
 *(.init_array)
                [!provide]                        PROVIDE (__init_array_end, ABSOLUTE (.))
                [!provide]                        PROVIDE (__fini_array_start, ABSOLUTE (.))
 *(.fini_array)
                [!provide]                        PROVIDE (__fini_array_end, ABSOLUTE (.))
 *(.eh_frame)
 *(.gcc_except_table .gcc_except_table.*)
 *(.dynamic)
                0x000000000009b820                PROVIDE (__CTOR_LIST__, ABSOLUTE (.))
 *(.ctors)
 *(SORT(.ctors.*))
                0x000000000009b820                PROVIDE (__CTOR_END__, ABSOLUTE (.))
                0x000000000009b820                PROVIDE (__DTOR_LIST__, ABSOLUTE (.))
 *(.dtors)
 *(SORT(.dtors.*))
                0x000000000009b820                PROVIDE (__DTOR_END__, ABSOLUTE (.))
 *(.jcr)
                0x000000000009b820                . = ALIGN (0x4)

.rodata         0x000000000009b820      0xf90
                0x000000000009b820                PROVIDE (__ram_rodata_start, ABSOLUTE (.))
                0x000000000009b820                . = ALIGN (0x4)
 *(.rodata .rodata.* .gnu.linkonce.r.*)
 .rodata        0x000000000009b820       0x6f obj/default/HDMI_Lib/HDMI_TX/EDID.o
 *fill*         0x000000000009b88f        0x1 
 .rodata        0x000000000009b890      0x16c obj/default/HDMI_Lib/HDMI_TX/HDMI_TX.o
 .rodata        0x000000000009b9fc      0x8ab obj/default/HDMI_Lib/HDMI_TX/it6613_drv.o
 *fill*         0x000000000009c2a7        0x1 
 .rodata        0x000000000009c2a8       0x34 obj/default/HDMI_Lib/HDMI_TX/it6613_sys.o
 .rodata        0x000000000009c2dc       0x57 obj/default/HDMI_Lib/mcu.o
 *fill*         0x000000000009c333        0x1 
 .rodata        0x000000000009c334      0x121 obj/default/main.o
 *fill*         0x000000000009c455        0x3 
 .rodata        0x000000000009c458        0xd obj/default/terasic_lib/I2C.o
 *fill*         0x000000000009c465        0x3 
 .rodata        0x000000000009c468        0xf obj/default/terasic_lib/debug.o
 *fill*         0x000000000009c477        0x1 
 .rodata.str1.4
                0x000000000009c478        0x2 c:/intelfpga/17.0/nios2eds/bin/gnu/h-x86_64-mingw32/bin/../lib/gcc/nios2-elf/5.3.0/../../../../../H-x86_64-mingw32/nios2-elf/lib/mhw-mulx\libc.a(lib_a-impure.o)
 *fill*         0x000000000009c47a        0x2 
 .rodata.str1.4
                0x000000000009c47c        0x2 c:/intelfpga/17.0/nios2eds/bin/gnu/h-x86_64-mingw32/bin/../lib/gcc/nios2-elf/5.3.0/../../../../../H-x86_64-mingw32/nios2-elf/lib/mhw-mulx\libc.a(lib_a-puts.o)
 *fill*         0x000000000009c47e        0x2 
 .rodata.str1.4
                0x000000000009c480       0x42 c:/intelfpga/17.0/nios2eds/bin/gnu/h-x86_64-mingw32/bin/../lib/gcc/nios2-elf/5.3.0/../../../../../H-x86_64-mingw32/nios2-elf/lib/mhw-mulx\libc.a(lib_a-svfprintf.o)
 .rodata.zeroes.4389
                0x000000000009c4c2       0x10 c:/intelfpga/17.0/nios2eds/bin/gnu/h-x86_64-mingw32/bin/../lib/gcc/nios2-elf/5.3.0/../../../../../H-x86_64-mingw32/nios2-elf/lib/mhw-mulx\libc.a(lib_a-svfprintf.o)
 .rodata.blanks.4388
                0x000000000009c4d2       0x10 c:/intelfpga/17.0/nios2eds/bin/gnu/h-x86_64-mingw32/bin/../lib/gcc/nios2-elf/5.3.0/../../../../../H-x86_64-mingw32/nios2-elf/lib/mhw-mulx\libc.a(lib_a-svfprintf.o)
 .rodata.str1.4
                0x000000000009c4e2       0x42 c:/intelfpga/17.0/nios2eds/bin/gnu/h-x86_64-mingw32/bin/../lib/gcc/nios2-elf/5.3.0/../../../../../H-x86_64-mingw32/nios2-elf/lib/mhw-mulx\libc.a(lib_a-vfprintf.o)
 .rodata.zeroes.4404
                0x000000000009c4e2       0x10 c:/intelfpga/17.0/nios2eds/bin/gnu/h-x86_64-mingw32/bin/../lib/gcc/nios2-elf/5.3.0/../../../../../H-x86_64-mingw32/nios2-elf/lib/mhw-mulx\libc.a(lib_a-vfprintf.o)
 .rodata.blanks.4403
                0x000000000009c4f2       0x10 c:/intelfpga/17.0/nios2eds/bin/gnu/h-x86_64-mingw32/bin/../lib/gcc/nios2-elf/5.3.0/../../../../../H-x86_64-mingw32/nios2-elf/lib/mhw-mulx\libc.a(lib_a-vfprintf.o)
 *fill*         0x000000000009c502        0x2 
 .rodata.str1.4
                0x000000000009c504       0x10 c:/intelfpga/17.0/nios2eds/bin/gnu/h-x86_64-mingw32/bin/../lib/gcc/nios2-elf/5.3.0/../../../../../H-x86_64-mingw32/nios2-elf/lib/mhw-mulx\libc.a(lib_a-dtoa.o)
                                         0x12 (size before relaxing)
 .rodata.str1.4
                0x000000000009c514        0xc c:/intelfpga/17.0/nios2eds/bin/gnu/h-x86_64-mingw32/bin/../lib/gcc/nios2-elf/5.3.0/../../../../../H-x86_64-mingw32/nios2-elf/lib/mhw-mulx\libc.a(lib_a-locale.o)
                                         0x12 (size before relaxing)
 .rodata.p05.2768
                0x000000000009c520        0xc c:/intelfpga/17.0/nios2eds/bin/gnu/h-x86_64-mingw32/bin/../lib/gcc/nios2-elf/5.3.0/../../../../../H-x86_64-mingw32/nios2-elf/lib/mhw-mulx\libc.a(lib_a-mprec.o)
 .rodata.__mprec_tinytens
                0x000000000009c52c       0x28 c:/intelfpga/17.0/nios2eds/bin/gnu/h-x86_64-mingw32/bin/../lib/gcc/nios2-elf/5.3.0/../../../../../H-x86_64-mingw32/nios2-elf/lib/mhw-mulx\libc.a(lib_a-mprec.o)
                0x000000000009c52c                __mprec_tinytens
 .rodata.__mprec_bigtens
                0x000000000009c554       0x28 c:/intelfpga/17.0/nios2eds/bin/gnu/h-x86_64-mingw32/bin/../lib/gcc/nios2-elf/5.3.0/../../../../../H-x86_64-mingw32/nios2-elf/lib/mhw-mulx\libc.a(lib_a-mprec.o)
                0x000000000009c554                __mprec_bigtens
 .rodata.__mprec_tens
                0x000000000009c57c       0xc8 c:/intelfpga/17.0/nios2eds/bin/gnu/h-x86_64-mingw32/bin/../lib/gcc/nios2-elf/5.3.0/../../../../../H-x86_64-mingw32/nios2-elf/lib/mhw-mulx\libc.a(lib_a-mprec.o)
                0x000000000009c57c                __mprec_tens
 .rodata.str1.4
                0x000000000009c644       0x2f c:/intelfpga/17.0/nios2eds/bin/gnu/h-x86_64-mingw32/bin/../lib/gcc/nios2-elf/5.3.0/../../../../../H-x86_64-mingw32/nios2-elf/lib/mhw-mulx\libc.a(lib_a-svfiprintf.o)
 .rodata.zeroes.4333
                0x000000000009c644       0x10 c:/intelfpga/17.0/nios2eds/bin/gnu/h-x86_64-mingw32/bin/../lib/gcc/nios2-elf/5.3.0/../../../../../H-x86_64-mingw32/nios2-elf/lib/mhw-mulx\libc.a(lib_a-svfiprintf.o)
 .rodata.blanks.4332
                0x000000000009c654       0x10 c:/intelfpga/17.0/nios2eds/bin/gnu/h-x86_64-mingw32/bin/../lib/gcc/nios2-elf/5.3.0/../../../../../H-x86_64-mingw32/nios2-elf/lib/mhw-mulx\libc.a(lib_a-svfiprintf.o)
 .rodata.str1.4
                0x000000000009c664       0x2f c:/intelfpga/17.0/nios2eds/bin/gnu/h-x86_64-mingw32/bin/../lib/gcc/nios2-elf/5.3.0/../../../../../H-x86_64-mingw32/nios2-elf/lib/mhw-mulx\libc.a(lib_a-vfiprintf.o)
 .rodata.zeroes.4349
                0x000000000009c664       0x10 c:/intelfpga/17.0/nios2eds/bin/gnu/h-x86_64-mingw32/bin/../lib/gcc/nios2-elf/5.3.0/../../../../../H-x86_64-mingw32/nios2-elf/lib/mhw-mulx\libc.a(lib_a-vfiprintf.o)
 .rodata.blanks.4348
                0x000000000009c674       0x10 c:/intelfpga/17.0/nios2eds/bin/gnu/h-x86_64-mingw32/bin/../lib/gcc/nios2-elf/5.3.0/../../../../../H-x86_64-mingw32/nios2-elf/lib/mhw-mulx\libc.a(lib_a-vfiprintf.o)
 .rodata        0x000000000009c684      0x100 c:/intelfpga/17.0/nios2eds/bin/gnu/h-x86_64-mingw32/bin/../lib/gcc/nios2-elf/5.3.0/mhw-mulx\libgcc.a(_clz.o)
                0x000000000009c684                __clz_tab
 .rodata        0x000000000009c784        0xa ../test7_bsp/\libhal_bsp.a(alt_dev.o)
 *fill*         0x000000000009c78e        0x2 
 .rodata        0x000000000009c790        0xf ../test7_bsp/\libhal_bsp.a(alt_main.o)
 *fill*         0x000000000009c79f        0x1 
 .rodata        0x000000000009c7a0        0xf ../test7_bsp/\libhal_bsp.a(alt_sys_init.o)
 *(.rodata1)
                0x000000000009c7b0                . = ALIGN (0x4)
 *fill*         0x000000000009c7af        0x1 
                0x000000000009c7b0                PROVIDE (__ram_rodata_end, ABSOLUTE (.))
                0x000000000009b820                PROVIDE (__flash_rodata_start, LOADADDR (.rodata))

.rwdata         0x000000000009c7b0     0x25fc load address 0x000000000009edac
                0x000000000009c7b0                PROVIDE (__ram_rwdata_start, ABSOLUTE (.))
                0x000000000009c7b0                . = ALIGN (0x4)
 *(.got.plt)
 *(.got)
 *(.data1)
 *(.data .data.* .gnu.linkonce.d.*)
 .data          0x000000000009c7b0        0x0 ../test7_bsp//obj/HAL/src/crt0.o
 .data          0x000000000009c7b0        0x0 obj/default/HDMI_Lib/HDMI_TX/EDID.o
 .data          0x000000000009c7b0       0x10 obj/default/HDMI_Lib/HDMI_TX/HDMI_TX.o
                0x000000000009c7b0                InitInstanceData
 .data          0x000000000009c7c0        0x0 obj/default/HDMI_Lib/HDMI_TX/dss_sha.o
 .data          0x000000000009c7c0      0x830 obj/default/HDMI_Lib/HDMI_TX/it6613_drv.o
                0x000000000009c808                bCSCMtx_YUV2RGB_ITU601_16_235
                0x000000000009c81a                bCSCMtx_YUV2RGB_ITU601_0_255
                0x000000000009c82c                bCSCMtx_YUV2RGB_ITU709_16_235
                0x000000000009c83e                bCSCMtx_YUV2RGB_ITU709_0_255
 .data          0x000000000009cff0        0x0 obj/default/HDMI_Lib/HDMI_TX/it6613_sys.o
 .data          0x000000000009cff0        0x0 obj/default/HDMI_Lib/mcu.o
 .data          0x000000000009cff0      0x2c0 obj/default/main.o
                0x000000000009cff0                gszVicText
 .data          0x000000000009d2b0        0x0 obj/default/terasic_lib/I2C.o
 .data          0x000000000009d2b0        0x0 obj/default/terasic_lib/debug.o
 .data          0x000000000009d2b0        0x0 c:/intelfpga/17.0/nios2eds/bin/gnu/h-x86_64-mingw32/bin/../lib/gcc/nios2-elf/5.3.0/mhw-mulx\libgcc.a(lib2-divmod.o)
 .data          0x000000000009d2b0        0x0 c:/intelfpga/17.0/nios2eds/bin/gnu/h-x86_64-mingw32/bin/../lib/gcc/nios2-elf/5.3.0/../../../../../H-x86_64-mingw32/nios2-elf/lib/mhw-mulx\libc.a(lib_a-impure.o)
 .data.impure_data
                0x000000000009d2b0      0x424 c:/intelfpga/17.0/nios2eds/bin/gnu/h-x86_64-mingw32/bin/../lib/gcc/nios2-elf/5.3.0/../../../../../H-x86_64-mingw32/nios2-elf/lib/mhw-mulx\libc.a(lib_a-impure.o)
 .data          0x000000000009d6d4        0x0 c:/intelfpga/17.0/nios2eds/bin/gnu/h-x86_64-mingw32/bin/../lib/gcc/nios2-elf/5.3.0/../../../../../H-x86_64-mingw32/nios2-elf/lib/mhw-mulx\libc.a(lib_a-memcpy.o)
 .data          0x000000000009d6d4        0x0 c:/intelfpga/17.0/nios2eds/bin/gnu/h-x86_64-mingw32/bin/../lib/gcc/nios2-elf/5.3.0/../../../../../H-x86_64-mingw32/nios2-elf/lib/mhw-mulx\libc.a(lib_a-printf.o)
 .data          0x000000000009d6d4        0x0 c:/intelfpga/17.0/nios2eds/bin/gnu/h-x86_64-mingw32/bin/../lib/gcc/nios2-elf/5.3.0/../../../../../H-x86_64-mingw32/nios2-elf/lib/mhw-mulx\libc.a(lib_a-putchar.o)
 .data          0x000000000009d6d4        0x0 c:/intelfpga/17.0/nios2eds/bin/gnu/h-x86_64-mingw32/bin/../lib/gcc/nios2-elf/5.3.0/../../../../../H-x86_64-mingw32/nios2-elf/lib/mhw-mulx\libc.a(lib_a-puts.o)
 .data          0x000000000009d6d4        0x0 c:/intelfpga/17.0/nios2eds/bin/gnu/h-x86_64-mingw32/bin/../lib/gcc/nios2-elf/5.3.0/../../../../../H-x86_64-mingw32/nios2-elf/lib/mhw-mulx\libc.a(lib_a-sprintf.o)
 .data          0x000000000009d6d4        0x0 c:/intelfpga/17.0/nios2eds/bin/gnu/h-x86_64-mingw32/bin/../lib/gcc/nios2-elf/5.3.0/../../../../../H-x86_64-mingw32/nios2-elf/lib/mhw-mulx\libc.a(lib_a-strlen.o)
 .data          0x000000000009d6d4        0x0 c:/intelfpga/17.0/nios2eds/bin/gnu/h-x86_64-mingw32/bin/../lib/gcc/nios2-elf/5.3.0/../../../../../H-x86_64-mingw32/nios2-elf/lib/mhw-mulx\libc.a(lib_a-svfprintf.o)
 .data          0x000000000009d6d4        0x0 c:/intelfpga/17.0/nios2eds/bin/gnu/h-x86_64-mingw32/bin/../lib/gcc/nios2-elf/5.3.0/../../../../../H-x86_64-mingw32/nios2-elf/lib/mhw-mulx\libc.a(lib_a-vfprintf.o)
 .data          0x000000000009d6d4        0x0 c:/intelfpga/17.0/nios2eds/bin/gnu/h-x86_64-mingw32/bin/../lib/gcc/nios2-elf/5.3.0/../../../../../H-x86_64-mingw32/nios2-elf/lib/mhw-mulx\libc.a(lib_a-vfprintf_1.o)
 .data          0x000000000009d6d4        0x0 c:/intelfpga/17.0/nios2eds/bin/gnu/h-x86_64-mingw32/bin/../lib/gcc/nios2-elf/5.3.0/../../../../../H-x86_64-mingw32/nios2-elf/lib/mhw-mulx\libc.a(lib_a-vsnprintf.o)
 .data          0x000000000009d6d4        0x0 c:/intelfpga/17.0/nios2eds/bin/gnu/h-x86_64-mingw32/bin/../lib/gcc/nios2-elf/5.3.0/../../../../../H-x86_64-mingw32/nios2-elf/lib/mhw-mulx\libc.a(lib_a-wsetup.o)
 .data          0x000000000009d6d4        0x0 c:/intelfpga/17.0/nios2eds/bin/gnu/h-x86_64-mingw32/bin/../lib/gcc/nios2-elf/5.3.0/../../../../../H-x86_64-mingw32/nios2-elf/lib/mhw-mulx\libc.a(lib_a-dtoa.o)
 .data          0x000000000009d6d4        0x0 c:/intelfpga/17.0/nios2eds/bin/gnu/h-x86_64-mingw32/bin/../lib/gcc/nios2-elf/5.3.0/../../../../../H-x86_64-mingw32/nios2-elf/lib/mhw-mulx\libc.a(lib_a-fflush.o)
 .data          0x000000000009d6d4        0x0 c:/intelfpga/17.0/nios2eds/bin/gnu/h-x86_64-mingw32/bin/../lib/gcc/nios2-elf/5.3.0/../../../../../H-x86_64-mingw32/nios2-elf/lib/mhw-mulx\libc.a(lib_a-findfp.o)
 .data          0x000000000009d6d4        0x0 c:/intelfpga/17.0/nios2eds/bin/gnu/h-x86_64-mingw32/bin/../lib/gcc/nios2-elf/5.3.0/../../../../../H-x86_64-mingw32/nios2-elf/lib/mhw-mulx\libc.a(lib_a-freer.o)
 .data          0x000000000009d6d4        0x0 c:/intelfpga/17.0/nios2eds/bin/gnu/h-x86_64-mingw32/bin/../lib/gcc/nios2-elf/5.3.0/../../../../../H-x86_64-mingw32/nios2-elf/lib/mhw-mulx\libc.a(lib_a-fvwrite.o)
 .data          0x000000000009d6d4        0x0 c:/intelfpga/17.0/nios2eds/bin/gnu/h-x86_64-mingw32/bin/../lib/gcc/nios2-elf/5.3.0/../../../../../H-x86_64-mingw32/nios2-elf/lib/mhw-mulx\libc.a(lib_a-fwalk.o)
 .data          0x000000000009d6d4        0x0 c:/intelfpga/17.0/nios2eds/bin/gnu/h-x86_64-mingw32/bin/../lib/gcc/nios2-elf/5.3.0/../../../../../H-x86_64-mingw32/nios2-elf/lib/mhw-mulx\libc.a(lib_a-locale.o)
 .data.lc_message_charset
                0x000000000009d6d4       0x20 c:/intelfpga/17.0/nios2eds/bin/gnu/h-x86_64-mingw32/bin/../lib/gcc/nios2-elf/5.3.0/../../../../../H-x86_64-mingw32/nios2-elf/lib/mhw-mulx\libc.a(lib_a-locale.o)
 .data.lc_ctype_charset
                0x000000000009d6f4       0x20 c:/intelfpga/17.0/nios2eds/bin/gnu/h-x86_64-mingw32/bin/../lib/gcc/nios2-elf/5.3.0/../../../../../H-x86_64-mingw32/nios2-elf/lib/mhw-mulx\libc.a(lib_a-locale.o)
 .data.lconv    0x000000000009d714       0x38 c:/intelfpga/17.0/nios2eds/bin/gnu/h-x86_64-mingw32/bin/../lib/gcc/nios2-elf/5.3.0/../../../../../H-x86_64-mingw32/nios2-elf/lib/mhw-mulx\libc.a(lib_a-locale.o)
 .data          0x000000000009d74c        0x0 c:/intelfpga/17.0/nios2eds/bin/gnu/h-x86_64-mingw32/bin/../lib/gcc/nios2-elf/5.3.0/../../../../../H-x86_64-mingw32/nios2-elf/lib/mhw-mulx\libc.a(lib_a-makebuf.o)
 .data          0x000000000009d74c        0x0 c:/intelfpga/17.0/nios2eds/bin/gnu/h-x86_64-mingw32/bin/../lib/gcc/nios2-elf/5.3.0/../../../../../H-x86_64-mingw32/nios2-elf/lib/mhw-mulx\libc.a(lib_a-mallocr.o)
 .data.__malloc_av_
                0x000000000009d74c      0x408 c:/intelfpga/17.0/nios2eds/bin/gnu/h-x86_64-mingw32/bin/../lib/gcc/nios2-elf/5.3.0/../../../../../H-x86_64-mingw32/nios2-elf/lib/mhw-mulx\libc.a(lib_a-mallocr.o)
                0x000000000009d74c                __malloc_av_
 .data          0x000000000009db54        0x0 c:/intelfpga/17.0/nios2eds/bin/gnu/h-x86_64-mingw32/bin/../lib/gcc/nios2-elf/5.3.0/../../../../../H-x86_64-mingw32/nios2-elf/lib/mhw-mulx\libc.a(lib_a-memchr.o)
 .data          0x000000000009db54        0x0 c:/intelfpga/17.0/nios2eds/bin/gnu/h-x86_64-mingw32/bin/../lib/gcc/nios2-elf/5.3.0/../../../../../H-x86_64-mingw32/nios2-elf/lib/mhw-mulx\libc.a(lib_a-memmove.o)
 .data          0x000000000009db54        0x0 c:/intelfpga/17.0/nios2eds/bin/gnu/h-x86_64-mingw32/bin/../lib/gcc/nios2-elf/5.3.0/../../../../../H-x86_64-mingw32/nios2-elf/lib/mhw-mulx\libc.a(lib_a-memset.o)
 .data          0x000000000009db54        0x0 c:/intelfpga/17.0/nios2eds/bin/gnu/h-x86_64-mingw32/bin/../lib/gcc/nios2-elf/5.3.0/../../../../../H-x86_64-mingw32/nios2-elf/lib/mhw-mulx\libc.a(lib_a-mprec.o)
 .data          0x000000000009db54        0x0 c:/intelfpga/17.0/nios2eds/bin/gnu/h-x86_64-mingw32/bin/../lib/gcc/nios2-elf/5.3.0/../../../../../H-x86_64-mingw32/nios2-elf/lib/mhw-mulx\libc.a(lib_a-putc.o)
 .data          0x000000000009db54        0x0 c:/intelfpga/17.0/nios2eds/bin/gnu/h-x86_64-mingw32/bin/../lib/gcc/nios2-elf/5.3.0/../../../../../H-x86_64-mingw32/nios2-elf/lib/mhw-mulx\libc.a(lib_a-reallocr.o)
 .data          0x000000000009db54        0x0 c:/intelfpga/17.0/nios2eds/bin/gnu/h-x86_64-mingw32/bin/../lib/gcc/nios2-elf/5.3.0/../../../../../H-x86_64-mingw32/nios2-elf/lib/mhw-mulx\libc.a(lib_a-s_fpclassify.o)
 .data          0x000000000009db54        0x0 c:/intelfpga/17.0/nios2eds/bin/gnu/h-x86_64-mingw32/bin/../lib/gcc/nios2-elf/5.3.0/../../../../../H-x86_64-mingw32/nios2-elf/lib/mhw-mulx\libc.a(lib_a-sbrkr.o)
 .data          0x000000000009db54        0x0 c:/intelfpga/17.0/nios2eds/bin/gnu/h-x86_64-mingw32/bin/../lib/gcc/nios2-elf/5.3.0/../../../../../H-x86_64-mingw32/nios2-elf/lib/mhw-mulx\libc.a(lib_a-stdio.o)
 .data          0x000000000009db54        0x0 c:/intelfpga/17.0/nios2eds/bin/gnu/h-x86_64-mingw32/bin/../lib/gcc/nios2-elf/5.3.0/../../../../../H-x86_64-mingw32/nios2-elf/lib/mhw-mulx\libc.a(lib_a-strcmp.o)
 .data          0x000000000009db54        0x0 c:/intelfpga/17.0/nios2eds/bin/gnu/h-x86_64-mingw32/bin/../lib/gcc/nios2-elf/5.3.0/../../../../../H-x86_64-mingw32/nios2-elf/lib/mhw-mulx\libc.a(lib_a-svfiprintf.o)
 .data          0x000000000009db54        0x0 c:/intelfpga/17.0/nios2eds/bin/gnu/h-x86_64-mingw32/bin/../lib/gcc/nios2-elf/5.3.0/../../../../../H-x86_64-mingw32/nios2-elf/lib/mhw-mulx\libc.a(lib_a-vfiprintf.o)
 .data          0x000000000009db54        0x0 c:/intelfpga/17.0/nios2eds/bin/gnu/h-x86_64-mingw32/bin/../lib/gcc/nios2-elf/5.3.0/../../../../../H-x86_64-mingw32/nios2-elf/lib/mhw-mulx\libc.a(lib_a-wbuf.o)
 .data          0x000000000009db54        0x0 c:/intelfpga/17.0/nios2eds/bin/gnu/h-x86_64-mingw32/bin/../lib/gcc/nios2-elf/5.3.0/../../../../../H-x86_64-mingw32/nios2-elf/lib/mhw-mulx\libc.a(lib_a-writer.o)
 .data          0x000000000009db54        0x0 c:/intelfpga/17.0/nios2eds/bin/gnu/h-x86_64-mingw32/bin/../lib/gcc/nios2-elf/5.3.0/../../../../../H-x86_64-mingw32/nios2-elf/lib/mhw-mulx\libc.a(closer.o)
 .data          0x000000000009db54        0x0 c:/intelfpga/17.0/nios2eds/bin/gnu/h-x86_64-mingw32/bin/../lib/gcc/nios2-elf/5.3.0/../../../../../H-x86_64-mingw32/nios2-elf/lib/mhw-mulx\libc.a(lib_a-callocr.o)
 .data          0x000000000009db54        0x0 c:/intelfpga/17.0/nios2eds/bin/gnu/h-x86_64-mingw32/bin/../lib/gcc/nios2-elf/5.3.0/../../../../../H-x86_64-mingw32/nios2-elf/lib/mhw-mulx\libc.a(lib_a-fclose.o)
 .data          0x000000000009db54        0x0 c:/intelfpga/17.0/nios2eds/bin/gnu/h-x86_64-mingw32/bin/../lib/gcc/nios2-elf/5.3.0/../../../../../H-x86_64-mingw32/nios2-elf/lib/mhw-mulx\libc.a(lib_a-fputwc.o)
 .data          0x000000000009db54        0x0 c:/intelfpga/17.0/nios2eds/bin/gnu/h-x86_64-mingw32/bin/../lib/gcc/nios2-elf/5.3.0/../../../../../H-x86_64-mingw32/nios2-elf/lib/mhw-mulx\libc.a(lib_a-fstatr.o)
 .data          0x000000000009db54        0x0 c:/intelfpga/17.0/nios2eds/bin/gnu/h-x86_64-mingw32/bin/../lib/gcc/nios2-elf/5.3.0/../../../../../H-x86_64-mingw32/nios2-elf/lib/mhw-mulx\libc.a(lib_a-int_errno.o)
 .data          0x000000000009db54        0x0 c:/intelfpga/17.0/nios2eds/bin/gnu/h-x86_64-mingw32/bin/../lib/gcc/nios2-elf/5.3.0/../../../../../H-x86_64-mingw32/nios2-elf/lib/mhw-mulx\libc.a(lib_a-isattyr.o)
 .data          0x000000000009db54        0x0 c:/intelfpga/17.0/nios2eds/bin/gnu/h-x86_64-mingw32/bin/../lib/gcc/nios2-elf/5.3.0/../../../../../H-x86_64-mingw32/nios2-elf/lib/mhw-mulx\libc.a(lib_a-lseekr.o)
 .data          0x000000000009db54        0x0 c:/intelfpga/17.0/nios2eds/bin/gnu/h-x86_64-mingw32/bin/../lib/gcc/nios2-elf/5.3.0/../../../../../H-x86_64-mingw32/nios2-elf/lib/mhw-mulx\libc.a(lib_a-readr.o)
 .data          0x000000000009db54        0x0 c:/intelfpga/17.0/nios2eds/bin/gnu/h-x86_64-mingw32/bin/../lib/gcc/nios2-elf/5.3.0/../../../../../H-x86_64-mingw32/nios2-elf/lib/mhw-mulx\libc.a(lib_a-wcrtomb.o)
 .data          0x000000000009db54        0x0 c:/intelfpga/17.0/nios2eds/bin/gnu/h-x86_64-mingw32/bin/../lib/gcc/nios2-elf/5.3.0/../../../../../H-x86_64-mingw32/nios2-elf/lib/mhw-mulx\libc.a(lib_a-wctomb_r.o)
 .data          0x000000000009db54        0x0 c:/intelfpga/17.0/nios2eds/bin/gnu/h-x86_64-mingw32/bin/../lib/gcc/nios2-elf/5.3.0/mhw-mulx\libgcc.a(_udivdi3.o)
 .data          0x000000000009db54        0x0 c:/intelfpga/17.0/nios2eds/bin/gnu/h-x86_64-mingw32/bin/../lib/gcc/nios2-elf/5.3.0/mhw-mulx\libgcc.a(_umoddi3.o)
 .data          0x000000000009db54        0x0 c:/intelfpga/17.0/nios2eds/bin/gnu/h-x86_64-mingw32/bin/../lib/gcc/nios2-elf/5.3.0/mhw-mulx\libgcc.a(adddf3.o)
 .data          0x000000000009db54        0x0 c:/intelfpga/17.0/nios2eds/bin/gnu/h-x86_64-mingw32/bin/../lib/gcc/nios2-elf/5.3.0/mhw-mulx\libgcc.a(divdf3.o)
 .data          0x000000000009db54        0x0 c:/intelfpga/17.0/nios2eds/bin/gnu/h-x86_64-mingw32/bin/../lib/gcc/nios2-elf/5.3.0/mhw-mulx\libgcc.a(eqdf2.o)
 .data          0x000000000009db54        0x0 c:/intelfpga/17.0/nios2eds/bin/gnu/h-x86_64-mingw32/bin/../lib/gcc/nios2-elf/5.3.0/mhw-mulx\libgcc.a(gedf2.o)
 .data          0x000000000009db54        0x0 c:/intelfpga/17.0/nios2eds/bin/gnu/h-x86_64-mingw32/bin/../lib/gcc/nios2-elf/5.3.0/mhw-mulx\libgcc.a(ledf2.o)
 .data          0x000000000009db54        0x0 c:/intelfpga/17.0/nios2eds/bin/gnu/h-x86_64-mingw32/bin/../lib/gcc/nios2-elf/5.3.0/mhw-mulx\libgcc.a(muldf3.o)
 .data          0x000000000009db54        0x0 c:/intelfpga/17.0/nios2eds/bin/gnu/h-x86_64-mingw32/bin/../lib/gcc/nios2-elf/5.3.0/mhw-mulx\libgcc.a(subdf3.o)
 .data          0x000000000009db54        0x0 c:/intelfpga/17.0/nios2eds/bin/gnu/h-x86_64-mingw32/bin/../lib/gcc/nios2-elf/5.3.0/mhw-mulx\libgcc.a(fixdfsi.o)
 .data          0x000000000009db54        0x0 c:/intelfpga/17.0/nios2eds/bin/gnu/h-x86_64-mingw32/bin/../lib/gcc/nios2-elf/5.3.0/mhw-mulx\libgcc.a(floatsidf.o)
 .data          0x000000000009db54        0x0 c:/intelfpga/17.0/nios2eds/bin/gnu/h-x86_64-mingw32/bin/../lib/gcc/nios2-elf/5.3.0/mhw-mulx\libgcc.a(floatunsidf.o)
 .data          0x000000000009db54        0x0 c:/intelfpga/17.0/nios2eds/bin/gnu/h-x86_64-mingw32/bin/../lib/gcc/nios2-elf/5.3.0/mhw-mulx\libgcc.a(_clz.o)
 .data          0x000000000009db54        0x0 c:/intelfpga/17.0/nios2eds/bin/gnu/h-x86_64-mingw32/bin/../lib/gcc/nios2-elf/5.3.0/mhw-mulx\libgcc.a(_clzsi2.o)
 .data          0x000000000009db54        0x0 ../test7_bsp/\libhal_bsp.a(alt_close.o)
 .data          0x000000000009db54      0x1a8 ../test7_bsp/\libhal_bsp.a(alt_dev.o)
                0x000000000009db54                alt_dev_null
                0x000000000009db7c                alt_fd_list
 .data          0x000000000009dcfc        0x0 ../test7_bsp/\libhal_bsp.a(alt_errno.o)
 .data          0x000000000009dcfc        0x0 ../test7_bsp/\libhal_bsp.a(alt_fstat.o)
 .data          0x000000000009dcfc        0x0 ../test7_bsp/\libhal_bsp.a(alt_isatty.o)
 .data          0x000000000009dcfc        0x0 ../test7_bsp/\libhal_bsp.a(alt_load.o)
 .data          0x000000000009dcfc        0x0 ../test7_bsp/\libhal_bsp.a(alt_lseek.o)
 .data          0x000000000009dcfc        0x0 ../test7_bsp/\libhal_bsp.a(alt_main.o)
 .data          0x000000000009dcfc        0x0 ../test7_bsp/\libhal_bsp.a(alt_malloc_lock.o)
 .data          0x000000000009dcfc        0x0 ../test7_bsp/\libhal_bsp.a(alt_read.o)
 .data          0x000000000009dcfc        0x0 ../test7_bsp/\libhal_bsp.a(alt_release_fd.o)
 .data          0x000000000009dcfc        0x0 ../test7_bsp/\libhal_bsp.a(alt_sbrk.o)
 .data          0x000000000009dcfc        0x0 ../test7_bsp/\libhal_bsp.a(alt_tick.o)
 .data          0x000000000009dcfc        0x0 ../test7_bsp/\libhal_bsp.a(alt_usleep.o)
 .data          0x000000000009dcfc        0x0 ../test7_bsp/\libhal_bsp.a(alt_write.o)
 .data          0x000000000009dcfc     0x1060 ../test7_bsp/\libhal_bsp.a(alt_sys_init.o)
 .data          0x000000000009ed5c        0x0 ../test7_bsp/\libhal_bsp.a(altera_avalon_jtag_uart_fd.o)
 .data          0x000000000009ed5c        0x0 ../test7_bsp/\libhal_bsp.a(altera_avalon_jtag_uart_init.o)
 .data          0x000000000009ed5c        0x0 ../test7_bsp/\libhal_bsp.a(altera_avalon_jtag_uart_ioctl.o)
 .data          0x000000000009ed5c        0x0 ../test7_bsp/\libhal_bsp.a(altera_avalon_jtag_uart_read.o)
 .data          0x000000000009ed5c        0x0 ../test7_bsp/\libhal_bsp.a(altera_avalon_jtag_uart_write.o)
 .data          0x000000000009ed5c        0x0 ../test7_bsp/\libhal_bsp.a(altera_avalon_timer_sc.o)
 .data          0x000000000009ed5c        0x0 ../test7_bsp/\libhal_bsp.a(alt_alarm_start.o)
 .data          0x000000000009ed5c        0x0 ../test7_bsp/\libhal_bsp.a(alt_busy_sleep.o)
 .data          0x000000000009ed5c        0x0 ../test7_bsp/\libhal_bsp.a(alt_dcache_flush_all.o)
 .data          0x000000000009ed5c        0x0 ../test7_bsp/\libhal_bsp.a(alt_dev_llist_insert.o)
 .data          0x000000000009ed5c        0x0 ../test7_bsp/\libhal_bsp.a(alt_do_ctors.o)
 .data          0x000000000009ed5c        0x0 ../test7_bsp/\libhal_bsp.a(alt_do_dtors.o)
 .data          0x000000000009ed5c        0x0 ../test7_bsp/\libhal_bsp.a(alt_icache_flush_all.o)
 .data          0x000000000009ed5c        0x0 ../test7_bsp/\libhal_bsp.a(alt_iic.o)
 .data          0x000000000009ed5c        0x0 ../test7_bsp/\libhal_bsp.a(alt_iic_isr_register.o)
 .data          0x000000000009ed5c        0x0 ../test7_bsp/\libhal_bsp.a(alt_io_redirect.o)
 .data          0x000000000009ed5c        0x0 ../test7_bsp/\libhal_bsp.a(alt_irq_entry.o)
 .data          0x000000000009ed5c        0x0 ../test7_bsp/\libhal_bsp.a(alt_irq_handler.o)
 .data          0x000000000009ed5c        0x0 ../test7_bsp/\libhal_bsp.a(alt_irq_vars.o)
 .data          0x000000000009ed5c        0x0 ../test7_bsp/\libhal_bsp.a(alt_open.o)
 .data          0x000000000009ed5c        0x0 ../test7_bsp/\libhal_bsp.a(altera_nios2_gen2_irq.o)
 .data          0x000000000009ed5c        0x0 ../test7_bsp/\libhal_bsp.a(alt_exception_entry.o)
 .data          0x000000000009ed5c        0x0 ../test7_bsp/\libhal_bsp.a(alt_find_dev.o)
 .data          0x000000000009ed5c        0x0 ../test7_bsp/\libhal_bsp.a(alt_find_file.o)
 .data          0x000000000009ed5c        0x0 ../test7_bsp/\libhal_bsp.a(alt_get_fd.o)
 .data          0x000000000009ed5c        0x0 ../test7_bsp/\libhal_bsp.a(alt_icache_flush.o)
 .data          0x000000000009ed5c        0x0 ../test7_bsp/\libhal_bsp.a(alt_instruction_exception_entry.o)
 .data          0x000000000009ed5c        0x0 c:/intelfpga/17.0/nios2eds/bin/gnu/h-x86_64-mingw32/bin/../lib/gcc/nios2-elf/5.3.0/../../../../../H-x86_64-mingw32/nios2-elf/lib/mhw-mulx\libc.a(lib_a-atexit.o)
 .data          0x000000000009ed5c        0x0 c:/intelfpga/17.0/nios2eds/bin/gnu/h-x86_64-mingw32/bin/../lib/gcc/nios2-elf/5.3.0/../../../../../H-x86_64-mingw32/nios2-elf/lib/mhw-mulx\libc.a(lib_a-exit.o)
 .data          0x000000000009ed5c        0x0 c:/intelfpga/17.0/nios2eds/bin/gnu/h-x86_64-mingw32/bin/../lib/gcc/nios2-elf/5.3.0/../../../../../H-x86_64-mingw32/nios2-elf/lib/mhw-mulx\libc.a(lib_a-memcmp.o)
 .data          0x000000000009ed5c        0x0 c:/intelfpga/17.0/nios2eds/bin/gnu/h-x86_64-mingw32/bin/../lib/gcc/nios2-elf/5.3.0/../../../../../H-x86_64-mingw32/nios2-elf/lib/mhw-mulx\libc.a(lib_a-__atexit.o)
 .data          0x000000000009ed5c        0x0 c:/intelfpga/17.0/nios2eds/bin/gnu/h-x86_64-mingw32/bin/../lib/gcc/nios2-elf/5.3.0/../../../../../H-x86_64-mingw32/nios2-elf/lib/mhw-mulx\libc.a(lib_a-__call_atexit.o)
 .data          0x000000000009ed5c        0x0 ../test7_bsp/\libhal_bsp.a(alt_exit.o)
                0x00000000000a6d5c                _gp = ABSOLUTE ((. + 0x8000))
                [!provide]                        PROVIDE (gp, _gp)
 *(.rwdata .rwdata.*)
 *(.sdata .sdata.* .gnu.linkonce.s.*)
 .sdata         0x000000000009ed5c        0x6 obj/default/HDMI_Lib/HDMI_TX/it6613_drv.o
 *fill*         0x000000000009ed62        0x2 
 .sdata         0x000000000009ed64        0x4 obj/default/HDMI_Lib/HDMI_TX/it6613_sys.o
                0x000000000009ed64                gEnableColorDepth
 .sdata         0x000000000009ed68        0x4 obj/default/main.o
                0x000000000009ed68                gbPlayTone
 .sdata._global_impure_ptr
                0x000000000009ed6c        0x4 c:/intelfpga/17.0/nios2eds/bin/gnu/h-x86_64-mingw32/bin/../lib/gcc/nios2-elf/5.3.0/../../../../../H-x86_64-mingw32/nios2-elf/lib/mhw-mulx\libc.a(lib_a-impure.o)
                0x000000000009ed6c                _global_impure_ptr
 .sdata._impure_ptr